\BOOKMARK [1][-]{section.1}{\376\377\000I\000n\000t\000r\000o\000d\000u\000c\000t\000i\000o\000n}{}% 1
\BOOKMARK [2][-]{subsection.1.1}{\376\377\000H\000B\000M\000A\000E\000\040\000m\000e\000t\000h\000o\000d\000o\000l\000o\000g\000y\000\040\000i\000n\000\040\000b\000r\000i\000e\000f}{section.1}% 2
\BOOKMARK [1][-]{section.2}{\376\377\000T\000h\000e\000\040\000e\000x\000p\000e\000r\000i\000m\000e\000n\000t\000a\000l\000\040\000d\000a\000t\000a\000b\000a\000s\000e}{}% 3
\BOOKMARK [2][-]{subsection.2.1}{\376\377\000T\000h\000e\000\040\000m\000e\000t\000a\000l\000\040\000s\000c\000a\000v\000e\000n\000g\000e\000r\000\040\000l\000a\000n\000d\000s\000c\000a\000p\000e}{section.2}% 4
\BOOKMARK [2][-]{subsection.2.2}{\376\377\000S\000a\000l\000t\000\040\000h\000o\000s\000t\000\040\000c\000o\000m\000p\000o\000s\000i\000t\000i\000o\000n\000\040\000t\000a\000b\000l\000e}{section.2}% 5
\BOOKMARK [1][-]{section.3}{\376\377\000C\000h\000l\000o\000r\000i\000d\000e\000\040\000r\000a\000d\000i\000o\000l\000y\000s\000i\000s\000\040\000n\000e\000t\000w\000o\000r\000k}{}% 6
\BOOKMARK [2][-]{subsection.3.1}{\376\377\000T\000h\000e\000\040\000O\000D\000E\000\040\000s\000y\000s\000t\000e\000m}{section.3}% 7
\BOOKMARK [2][-]{subsection.3.2}{\376\377\000J\000u\000s\000t\000i\000f\000i\000c\000a\000t\000i\000o\000n\000\040\000o\000f\000\040\000e\000a\000c\000h\000\040\000r\000e\000a\000c\000t\000i\000o\000n}{section.3}% 8
\BOOKMARK [2][-]{subsection.3.3}{\376\377\000R\000e\000a\000c\000t\000i\000o\000n\000s\000\040\000o\000m\000i\000t\000t\000e\000d\000\040\000f\000r\000o\000m\000\040\000t\000h\000e\000\040\000k\000e\000r\000n\000e\000l\000\040\000a\000n\000d\000\040\000t\000h\000e\000i\000r\000\040\000p\000o\000s\000s\000i\000b\000l\000e\000\040\000i\000m\000p\000a\000c\000t}{section.3}% 9
\BOOKMARK [1][-]{section.4}{\376\377\000F\000l\000u\000o\000r\000i\000d\000e\000\040\000r\000a\000d\000i\000o\000l\000y\000s\000i\000s\000\040\000n\000e\000t\000w\000o\000r\000k}{}% 10
\BOOKMARK [2][-]{subsection.4.1}{\376\377\000T\000h\000e\000\040\000s\000t\000a\000t\000i\000c\000\040\000F\0002\000\040\000p\000r\000o\000d\000u\000c\000t\000i\000o\000n\000\040\000k\000e\000r\000n\000e\000l}{section.4}% 11
\BOOKMARK [2][-]{subsection.4.2}{\376\377\000C\000o\000m\000p\000a\000r\000i\000s\000o\000n\000\040\000w\000i\000t\000h\000\040\000A\000k\000i\000y\000a\000m\000a\000\040\0001\0009\0009\0004\000\040\000t\000r\000a\000n\000s\000i\000e\000n\000t\000\040\000o\000b\000s\000e\000r\000v\000a\000t\000i\000o\000n\000s}{section.4}% 12
\BOOKMARK [1][-]{section.5}{\376\377\000C\000a\000l\000i\000b\000r\000a\000t\000i\000o\000n\000\040\000v\000i\000a\000\040\000H\000B\000M\000A\000E}{}% 13
\BOOKMARK [2][-]{subsection.5.1}{\376\377\000I\000n\000t\000e\000g\000r\000a\000t\000e\000d\000\040\0002\0004\000-\000p\000a\000r\000a\000m\000e\000t\000e\000r\000\040\000p\000o\000s\000t\000e\000r\000i\000o\000r}{section.5}% 14
\BOOKMARK [2][-]{subsection.5.2}{\376\377\000T\000h\000e\000\040\000P\000i\000k\000a\000e\000v\040\023\000I\000w\000a\000m\000a\000t\000s\000u\000\040\000r\000e\000c\000o\000n\000c\000i\000l\000i\000a\000t\000i\000o\000n}{section.5}% 15
\BOOKMARK [2][-]{subsection.5.3}{\376\377\000C\000o\000n\000v\000e\000r\000g\000e\000n\000c\000e\000\040\000d\000i\000a\000g\000n\000o\000s\000t\000i\000c\000s}{section.5}% 16
\BOOKMARK [1][-]{section.6}{\376\377\000M\000e\000t\000a\000-\000h\000i\000e\000r\000a\000r\000c\000h\000i\000c\000a\000l\000\040\000c\000h\000e\000m\000i\000s\000t\000r\000y\000-\000f\000e\000a\000t\000u\000r\000e\000\040\000l\000a\000y\000e\000r}{}% 17
\BOOKMARK [2][-]{subsection.6.1}{\376\377\000P\000o\000s\000t\000e\000r\000i\000o\000r\000\040\000r\000e\000g\000r\000e\000s\000s\000i\000o\000n\000\040\000c\000o\000e\000f\000f\000i\000c\000i\000e\000n\000t\000s}{section.6}% 18
\BOOKMARK [2][-]{subsection.6.2}{\376\377\000L\000e\000a\000v\000e\000-\000o\000n\000e\000-\000m\000e\000t\000a\000l\000-\000o\000u\000t\000\040\000\050\000L\000O\000M\000O\000\051\000\040\000c\000r\000o\000s\000s\000-\000v\000a\000l\000i\000d\000a\000t\000i\000o\000n}{section.6}% 19
\BOOKMARK [1][-]{section.7}{\376\377\000V\000a\000l\000i\000d\000a\000t\000i\000o\000n\000\040\000a\000g\000a\000i\000n\000s\000t\000\040\000t\000h\000e\000\040\000f\000u\000l\000l\000\040\000e\000x\000p\000e\000r\000i\000m\000e\000n\000t\000a\000l\000\040\000d\000a\000t\000a\000b\000a\000s\000e}{}% 20
\BOOKMARK [2][-]{subsection.7.1}{\376\377\000P\000e\000r\000-\000d\000a\000t\000a\000s\000e\000t\000\040\0002\000\040\000a\000n\000a\000l\000y\000s\000i\000s}{section.7}% 21
\BOOKMARK [2][-]{subsection.7.2}{\376\377\000R\000e\000s\000i\000d\000u\000a\000l\000\040\000a\000n\000a\000l\000y\000s\000i\000s\000\040\000a\000c\000r\000o\000s\000s\000\040\000t\000h\000e\000\040\000c\000o\000r\000p\000u\000s}{section.7}% 22
\BOOKMARK [2][-]{subsection.7.3}{\376\377\000T\000h\000e\000\040\000P\000h\000i\000l\000l\000i\000p\000s\000\040\0002\0000\0002\0002\000\040\000N\000U\000L\000L\000\040\000b\000e\000n\000c\000h\000m\000a\000r\000k}{section.7}% 23
\BOOKMARK [1][-]{section.8}{\376\377\000O\000p\000e\000r\000a\000t\000i\000o\000n\000a\000l\000\040\000M\000S\000R\000\040\000a\000p\000p\000l\000i\000c\000a\000t\000i\000o\000n}{}% 24
\BOOKMARK [2][-]{subsection.8.1}{\376\377\000N\000a\000C\000l\000-\000U\000C\000l\0003\000\040\000M\000C\000F\000R\000\040\000c\000o\000v\000e\000r\000-\000g\000a\000s\000\040\000C\000l\0002\000\040\000i\000n\000v\000e\000n\000t\000o\000r\000y}{section.8}% 25
\BOOKMARK [3][-]{subsubsection.8.1.1}{\376\377\000S\000e\000n\000s\000i\000t\000i\000v\000i\000t\000y\000\040\000t\000o\000\040\000t\000h\000e\000\040\000U\000-\000b\000u\000f\000f\000e\000r\000\040\000a\000s\000s\000u\000m\000p\000t\000i\000o\000n}{subsection.8.1}% 26
\BOOKMARK [3][-]{subsubsection.8.1.2}{\376\377\000S\000e\000n\000s\000i\000t\000i\000v\000i\000t\000y\000\040\000t\000o\000\040\000t\000h\000e\000\040\000o\000p\000e\000r\000a\000t\000i\000o\000n\000a\000l\000\040\000d\000o\000s\000e\000\040\000r\000a\000t\000e}{subsection.8.1}% 27
\BOOKMARK [2][-]{subsection.8.2}{\376\377\000F\000L\000i\000B\000e\000-\000U\000F\0004\000\040\000M\000S\000R\000\040\000c\000o\000v\000e\000r\000-\000g\000a\000s\000\040\000F\0002\000\040\000i\000n\000v\000e\000n\000t\000o\000r\000y}{section.8}% 28
\BOOKMARK [2][-]{subsection.8.3}{\376\377\000R\000e\000c\000o\000m\000m\000e\000n\000d\000e\000d\000\040\000e\000x\000p\000e\000r\000i\000m\000e\000n\000t\000s}{section.8}% 29
\BOOKMARK [2][-]{subsection.8.4}{\376\377\000V\000a\000r\000i\000a\000n\000c\000e\000\040\000a\000t\000t\000r\000i\000b\000u\000t\000i\000o\000n\000\040\000s\000u\000m\000m\000a\000r\000y\000\040\000a\000c\000r\000o\000s\000s\000\040\000b\000o\000t\000h\000\040\000o\000p\000e\000r\000a\000t\000i\000o\000n\000a\000l\000\040\000p\000r\000e\000d\000i\000c\000t\000i\000o\000n\000s}{section.8}% 30
\BOOKMARK [1][-]{section.9}{\376\377\000D\000i\000s\000c\000u\000s\000s\000i\000o\000n}{}% 31
\BOOKMARK [2][-]{subsection.9.1}{\376\377\000S\000t\000r\000e\000n\000g\000t\000h\000s}{section.9}% 32
\BOOKMARK [2][-]{subsection.9.2}{\376\377\000L\000i\000m\000i\000t\000a\000t\000i\000o\000n\000s}{section.9}% 33
\BOOKMARK [2][-]{subsection.9.3}{\376\377\000R\000e\000l\000a\000t\000i\000o\000n\000\040\000t\000o\000\040\000c\000o\000m\000p\000a\000n\000i\000o\000n\000\040\000m\000e\000t\000h\000o\000d\000o\000l\000o\000g\000y\000\040\000p\000a\000p\000e\000r}{section.9}% 34
\BOOKMARK [1][-]{section.10}{\376\377\000C\000o\000n\000c\000l\000u\000s\000i\000o\000n}{}% 35
\BOOKMARK [1][-]{section.A}{\376\377\000F\000u\000l\000l\000\040\000s\000p\000e\000c\000i\000e\000s\000\040\000a\000n\000d\000\040\000r\000e\000a\000c\000t\000i\000o\000n\000\040\000t\000a\000b\000l\000e\000s}{}% 36
\BOOKMARK [2][-]{subsection.A.1}{\376\377\000C\000h\000l\000o\000r\000i\000d\000e\000\040\000n\000e\000t\000w\000o\000r\000k\000\040\000s\000p\000e\000c\000i\000e\000s\000\040\000i\000n\000v\000e\000n\000t\000o\000r\000y}{section.A}% 37
\BOOKMARK [2][-]{subsection.A.2}{\376\377\000F\000l\000u\000o\000r\000i\000d\000e\000\040\000n\000e\000t\000w\000o\000r\000k\000\040\000s\000p\000e\000c\000i\000e\000s\000\040\000i\000n\000v\000e\000n\000t\000o\000r\000y}{section.A}% 38
\BOOKMARK [2][-]{subsection.A.3}{\376\377\000P\000o\000s\000t\000e\000r\000i\000o\000r\000-\000c\000o\000r\000r\000e\000c\000t\000e\000d\000\040\000c\000h\000l\000o\000r\000i\000d\000e\000\040\000A\000r\000r\000h\000e\000n\000i\000u\000s\000\040\000c\000o\000e\000f\000f\000i\000c\000i\000e\000n\000t\000s}{section.A}% 39
\BOOKMARK [1][-]{section.B}{\376\377\000C\000r\000o\000s\000s\000-\000r\000e\000f\000e\000r\000e\000n\000c\000e\000d\000\040\000d\000a\000t\000a\000\040\000i\000n\000v\000e\000n\000t\000o\000r\000y}{}% 40
\BOOKMARK [2][-]{subsection.B.1}{\376\377\000P\000e\000r\000-\000m\000o\000d\000a\000l\000i\000t\000y\000\040\000o\000b\000s\000e\000r\000v\000a\000t\000i\000o\000n\000\040\000a\000u\000d\000i\000t}{section.B}% 41
\BOOKMARK [1][-]{section.C}{\376\377\000M\000C\000M\000C\000\040\000d\000i\000a\000g\000n\000o\000s\000t\000i\000c\000s\000\040\000f\000o\000r\000\040\000t\000h\000e\000\040\000p\000r\000o\000d\000u\000c\000t\000i\000o\000n\000\040\000c\000a\000l\000i\000b\000r\000a\000t\000i\000o\000n}{}% 42
\BOOKMARK [1][-]{section.D}{\376\377\000O\000p\000e\000r\000a\000t\000i\000o\000n\000a\000l\000\040\000M\000S\000R\000\040\000p\000r\000e\000d\000i\000c\000t\000i\000o\000n\000\040\000d\000e\000t\000a\000i\000l\000s\000\040\000a\000n\000d\000\040\000s\000e\000n\000s\000i\000t\000i\000v\000i\000t\000i\000e\000s}{}% 43
\BOOKMARK [2][-]{subsection.D.1}{\376\377\000N\000a\000C\000l\000-\000U\000C\000l\0003\000\040\000M\000C\000F\000R\000\040\000s\000e\000n\000s\000i\000t\000i\000v\000i\000t\000y}{section.D}% 44
\BOOKMARK [2][-]{subsection.D.2}{\376\377\000F\000L\000i\000B\000e\000-\000U\000F\0004\000\040\000M\000S\000R\000\040\000s\000e\000n\000s\000i\000t\000i\000v\000i\000t\000y}{section.D}% 45
\BOOKMARK [2][-]{subsection.D.3}{\376\377\000C\000e\000n\000s\000o\000r\000e\000d\000\040\000B\000a\000y\000e\000s\000\040\000f\000a\000c\000t\000o\000r\000\040\000s\000e\000n\000s\000i\000t\000i\000v\000i\000t\000y\000\040\000\050\000P\000h\000i\000l\000l\000i\000p\000s\000\040\000N\000U\000L\000L\000\051}{section.D}% 46
