This is pdfTeX, Version 3.141592653-2.6-1.40.29 (TeX Live 2026) (preloaded format=pdflatex 2026.5.9)  30 MAY 2026 16:29
entering extended mode
 restricted \write18 enabled.
 %&-line parsing enabled.
**article_paper1.tex
(./article_paper1.tex
LaTeX2e <2025-11-01>
L3 programming layer <2026-03-20>

(/Users/tanome/projects/relap-agent/.texlive/texmf-dist/tex/latex/base/article.
cls
Document Class: article 2025/01/22 v1.4n Standard LaTeX document class

(/Users/tanome/projects/relap-agent/.texlive/texmf-dist/tex/latex/base/size12.c
lo
File: size12.clo 2025/01/22 v1.4n Standard LaTeX file (size option)
)
\c@part=\count275
\c@section=\count276
\c@subsection=\count277
\c@subsubsection=\count278
\c@paragraph=\count279
\c@subparagraph=\count280
\c@figure=\count281
\c@table=\count282
\abovecaptionskip=\skip49
\belowcaptionskip=\skip50
\bibindent=\dimen150
)
(/Users/tanome/projects/relap-agent/.texlive/texmf-dist/tex/latex/geometry/geom
etry.sty
Package: geometry 2026/03/07 v6.0 Page Geometry

(/Users/tanome/projects/relap-agent/.texlive/texmf-dist/tex/latex/graphics/keyv
al.sty
Package: keyval 2022/05/29 v1.15 key=value parser (DPC)
\KV@toks@=\toks17
)
(/Users/tanome/projects/relap-agent/.texlive/texmf-dist/tex/generic/iftex/ifvte
x.sty
Package: ifvtex 2019/10/25 v1.7 ifvtex legacy package. Use iftex instead.

(/Users/tanome/projects/relap-agent/.texlive/texmf-dist/tex/generic/iftex/iftex
.sty
Package: iftex 2024/12/12 v1.0g TeX engine tests
))
\Gm@cnth=\count283
\Gm@cntv=\count284
\c@Gm@tempcnt=\count285
\Gm@bindingoffset=\dimen151
\Gm@wd@mp=\dimen152
\Gm@odd@mp=\dimen153
\Gm@even@mp=\dimen154
\Gm@layoutwidth=\dimen155
\Gm@layoutheight=\dimen156
\Gm@layouthoffset=\dimen157
\Gm@layoutvoffset=\dimen158
\Gm@dimlist=\toks18
)
(/Users/tanome/projects/relap-agent/.texlive/texmf-dist/tex/latex/setspace/sets
pace.sty
Package: setspace 2022/12/04 v6.7b set line spacing
)
(/Users/tanome/projects/relap-agent/.texlive/texmf-dist/tex/latex/amsmath/amsma
th.sty
Package: amsmath 2025/07/09 v2.17z AMS math features
\@mathmargin=\skip51

For additional information on amsmath, use the `?' option.

(/Users/tanome/projects/relap-agent/.texlive/texmf-dist/tex/latex/amsmath/amste
xt.sty
Package: amstext 2024/11/17 v2.01 AMS text

(/Users/tanome/projects/relap-agent/.texlive/texmf-dist/tex/latex/amsmath/amsge
n.sty
File: amsgen.sty 1999/11/30 v2.0 generic functions
\@emptytoks=\toks19
\ex@=\dimen159
))
(/Users/tanome/projects/relap-agent/.texlive/texmf-dist/tex/latex/amsmath/amsbs
y.sty
Package: amsbsy 1999/11/29 v1.2d Bold Symbols
\pmbraise@=\dimen160
)
(/Users/tanome/projects/relap-agent/.texlive/texmf-dist/tex/latex/amsmath/amsop
n.sty
Package: amsopn 2022/04/08 v2.04 operator names
)
\inf@bad=\count286
LaTeX Info: Redefining \frac on input line 233.
\uproot@=\count287
\leftroot@=\count288
LaTeX Info: Redefining \overline on input line 398.
LaTeX Info: Redefining \colon on input line 409.
\classnum@=\count289
\DOTSCASE@=\count290
LaTeX Info: Redefining \ldots on input line 495.
LaTeX Info: Redefining \dots on input line 498.
LaTeX Info: Redefining \cdots on input line 619.
\Mathstrutbox@=\box53
\strutbox@=\box54
LaTeX Info: Redefining \big on input line 721.
LaTeX Info: Redefining \Big on input line 722.
LaTeX Info: Redefining \bigg on input line 723.
LaTeX Info: Redefining \Bigg on input line 724.
\big@size=\dimen161
LaTeX Font Info:    Redeclaring font encoding OML on input line 742.
LaTeX Font Info:    Redeclaring font encoding OMS on input line 743.
\macc@depth=\count291
LaTeX Info: Redefining \bmod on input line 904.
LaTeX Info: Redefining \pmod on input line 909.
LaTeX Info: Redefining \smash on input line 939.
LaTeX Info: Redefining \relbar on input line 969.
LaTeX Info: Redefining \Relbar on input line 970.
\c@MaxMatrixCols=\count292
\dotsspace@=\muskip17
\c@parentequation=\count293
\dspbrk@lvl=\count294
\tag@help=\toks20
\row@=\count295
\column@=\count296
\maxfields@=\count297
\andhelp@=\toks21
\eqnshift@=\dimen162
\alignsep@=\dimen163
\tagshift@=\dimen164
\tagwidth@=\dimen165
\totwidth@=\dimen166
\lineht@=\dimen167
\@envbody=\toks22
\multlinegap=\skip52
\multlinetaggap=\skip53
\mathdisplay@stack=\toks23
LaTeX Info: Redefining \[ on input line 2950.
LaTeX Info: Redefining \] on input line 2951.
)
(/Users/tanome/projects/relap-agent/.texlive/texmf-dist/tex/latex/amsfonts/amss
ymb.sty
Package: amssymb 2013/01/14 v3.01 AMS font symbols

(/Users/tanome/projects/relap-agent/.texlive/texmf-dist/tex/latex/amsfonts/amsf
onts.sty
Package: amsfonts 2013/01/14 v3.01 Basic AMSFonts support
\symAMSa=\mathgroup4
\symAMSb=\mathgroup5
LaTeX Font Info:    Redeclaring math symbol \hbar on input line 98.
LaTeX Font Info:    Overwriting math alphabet `\mathfrak' in version `bold'
(Font)                  U/euf/m/n --> U/euf/b/n on input line 106.
))
(/Users/tanome/projects/relap-agent/.texlive/texmf-dist/tex/latex/amscls/amsthm
.sty
Package: amsthm 2020/05/29 v2.20.6
\thm@style=\toks24
\thm@bodyfont=\toks25
\thm@headfont=\toks26
\thm@notefont=\toks27
\thm@headpunct=\toks28
\thm@preskip=\skip54
\thm@postskip=\skip55
\thm@headsep=\skip56
\dth@everypar=\toks29
)
(/Users/tanome/projects/relap-agent/.texlive/texmf-dist/tex/latex/mathtools/mat
htools.sty
Package: mathtools 2024/10/04 v1.31 mathematical typesetting tools

(/Users/tanome/projects/relap-agent/.texlive/texmf-dist/tex/latex/tools/calc.st
y
Package: calc 2025/03/01 v4.3b Infix arithmetic (KKT,FJ)
\calc@Acount=\count298
\calc@Bcount=\count299
\calc@Adimen=\dimen168
\calc@Bdimen=\dimen169
\calc@Askip=\skip57
\calc@Bskip=\skip58
LaTeX Info: Redefining \setlength on input line 86.
LaTeX Info: Redefining \addtolength on input line 87.
\calc@Ccount=\count300
\calc@Cskip=\skip59
)
(/Users/tanome/projects/relap-agent/.texlive/texmf-dist/tex/latex/mathtools/mhs
etup.sty
Package: mhsetup 2021/03/18 v1.4 programming setup (MH)
)
\g_MT_multlinerow_int=\count301
\l_MT_multwidth_dim=\dimen170
\origjot=\skip60
\l_MT_shortvdotswithinadjustabove_dim=\dimen171
\l_MT_shortvdotswithinadjustbelow_dim=\dimen172
\l_MT_above_intertext_sep=\dimen173
\l_MT_below_intertext_sep=\dimen174
\l_MT_above_shortintertext_sep=\dimen175
\l_MT_below_shortintertext_sep=\dimen176
\xmathstrut@box=\box55
\xmathstrut@dim=\dimen177
)
(/Users/tanome/projects/relap-agent/.texlive/texmf-dist/tex/latex/graphics/grap
hicx.sty
Package: graphicx 2024/12/31 v1.2e Enhanced LaTeX Graphics (DPC,SPQR)

(/Users/tanome/projects/relap-agent/.texlive/texmf-dist/tex/latex/graphics/grap
hics.sty
Package: graphics 2024/08/06 v1.4g Standard LaTeX Graphics (DPC,SPQR)

(/Users/tanome/projects/relap-agent/.texlive/texmf-dist/tex/latex/graphics/trig
.sty
Package: trig 2023/12/02 v1.11 sin cos tan (DPC)
)
(/Users/tanome/projects/relap-agent/.texlive/texmf-dist/tex/latex/graphics-cfg/
graphics.cfg
File: graphics.cfg 2016/06/04 v1.11 sample graphics configuration
)
Package graphics Info: Driver file: pdftex.def on input line 106.

(/Users/tanome/projects/relap-agent/.texlive/texmf-dist/tex/latex/graphics-def/
pdftex.def
File: pdftex.def 2025/09/29 v1.2d Graphics/color driver for pdftex
))
\Gin@req@height=\dimen178
\Gin@req@width=\dimen179
)
(/Users/tanome/projects/relap-agent/.texlive/texmf-dist/tex/latex/hyperref/hype
rref.sty
Package: hyperref 2026-04-24 v7.01q Hypertext links for LaTeX

(/Users/tanome/projects/relap-agent/.texlive/texmf-dist/tex/latex/kvsetkeys/kvs
etkeys.sty
Package: kvsetkeys 2022-10-05 v1.19 Key value parser (HO)
)
(/Users/tanome/projects/relap-agent/.texlive/texmf-dist/tex/generic/kvdefinekey
s/kvdefinekeys.sty
Package: kvdefinekeys 2019-12-19 v1.6 Define keys (HO)
)
(/Users/tanome/projects/relap-agent/.texlive/texmf-dist/tex/generic/pdfescape/p
dfescape.sty
Package: pdfescape 2019/12/09 v1.15 Implements pdfTeX's escape features (HO)

(/Users/tanome/projects/relap-agent/.texlive/texmf-dist/tex/generic/ltxcmds/ltx
cmds.sty
Package: ltxcmds 2023-12-04 v1.26 LaTeX kernel commands for general use (HO)
)
(/Users/tanome/projects/relap-agent/.texlive/texmf-dist/tex/generic/pdftexcmds/
pdftexcmds.sty
Package: pdftexcmds 2020-06-27 v0.33 Utility functions of pdfTeX for LuaTeX (HO
)

(/Users/tanome/projects/relap-agent/.texlive/texmf-dist/tex/generic/infwarerr/i
nfwarerr.sty
Package: infwarerr 2019/12/03 v1.5 Providing info/warning/error messages (HO)
)
Package pdftexcmds Info: \pdf@primitive is available.
Package pdftexcmds Info: \pdf@ifprimitive is available.
Package pdftexcmds Info: \pdfdraftmode found.
))
(/Users/tanome/projects/relap-agent/.texlive/texmf-dist/tex/latex/hycolor/hycol
or.sty
Package: hycolor 2020-01-27 v1.10 Color options for hyperref/bookmark (HO)
)
(/Users/tanome/projects/relap-agent/.texlive/texmf-dist/tex/latex/hyperref/name
ref.sty
Package: nameref 2026-01-29 v2.58 Cross-referencing by name of section

(/Users/tanome/projects/relap-agent/.texlive/texmf-dist/tex/latex/refcount/refc
ount.sty
Package: refcount 2019/12/15 v3.6 Data extraction from label references (HO)
)
(/Users/tanome/projects/relap-agent/.texlive/texmf-dist/tex/generic/gettitlestr
ing/gettitlestring.sty
Package: gettitlestring 2019/12/15 v1.6 Cleanup title references (HO)

(/Users/tanome/projects/relap-agent/.texlive/texmf-dist/tex/latex/kvoptions/kvo
ptions.sty
Package: kvoptions 2022-06-15 v3.15 Key value format for package options (HO)
))
\c@section@level=\count302
)
(/Users/tanome/projects/relap-agent/.texlive/texmf-dist/tex/latex/etoolbox/etoo
lbox.sty
Package: etoolbox 2025/10/02 v2.5m e-TeX tools for LaTeX (JAW)
\etb@tempcnta=\count303
)
(/Users/tanome/projects/relap-agent/.texlive/texmf-dist/tex/generic/stringenc/s
tringenc.sty
Package: stringenc 2019/11/29 v1.12 Convert strings between diff. encodings (HO
)
)
\@linkdim=\dimen180
\Hy@linkcounter=\count304
\Hy@pagecounter=\count305

(/Users/tanome/projects/relap-agent/.texlive/texmf-dist/tex/latex/hyperref/pd1e
nc.def
File: pd1enc.def 2026-04-24 v7.01q Hyperref: PDFDocEncoding definition (HO)
Now handling font encoding PD1 ...
... no UTF-8 mapping file for font encoding PD1
)
(/Users/tanome/projects/relap-agent/.texlive/texmf-dist/tex/generic/intcalc/int
calc.sty
Package: intcalc 2019/12/15 v1.3 Expandable calculations with integers (HO)
)
\Hy@SavedSpaceFactor=\count306

(/Users/tanome/projects/relap-agent/.texlive/texmf-dist/tex/latex/hyperref/puen
c.def
File: puenc.def 2026-04-24 v7.01q Hyperref: PDF Unicode definition (HO)
Now handling font encoding PU ...
... no UTF-8 mapping file for font encoding PU
)
Package hyperref Info: Hyper figures OFF on input line 4199.
Package hyperref Info: Link nesting OFF on input line 4204.
Package hyperref Info: Hyper index ON on input line 4207.
Package hyperref Info: Plain pages OFF on input line 4214.
Package hyperref Info: Backreferencing OFF on input line 4219.
Package hyperref Info: Implicit mode ON; LaTeX internals redefined.
Package hyperref Info: Bookmarks ON on input line 4466.
\c@Hy@tempcnt=\count307

(/Users/tanome/projects/relap-agent/.texlive/texmf-dist/tex/latex/url/url.sty
\Urlmuskip=\muskip18
Package: url 2013/09/16  ver 3.4  Verb mode for urls, etc.
)
LaTeX Info: Redefining \url on input line 4805.
\XeTeXLinkMargin=\dimen181

(/Users/tanome/projects/relap-agent/.texlive/texmf-dist/tex/generic/bitset/bits
et.sty
Package: bitset 2019/12/09 v1.3 Handle bit-vector datatype (HO)

(/Users/tanome/projects/relap-agent/.texlive/texmf-dist/tex/generic/bigintcalc/
bigintcalc.sty
Package: bigintcalc 2019/12/15 v1.5 Expandable calculations on big integers (HO
)
))
\Fld@menulength=\count308
\Field@Width=\dimen182
\Fld@charsize=\dimen183
Package hyperref Info: Hyper figures OFF on input line 6091.
Package hyperref Info: Link nesting OFF on input line 6096.
Package hyperref Info: Hyper index ON on input line 6099.
Package hyperref Info: backreferencing OFF on input line 6106.
Package hyperref Info: Link coloring OFF on input line 6111.
Package hyperref Info: Link coloring with OCG OFF on input line 6116.
Package hyperref Info: PDF/A mode OFF on input line 6121.
\Hy@abspage=\count309
\c@Item=\count310
\c@Hfootnote=\count311
)
Package hyperref Info: Driver (autodetected): hpdftex.

(/Users/tanome/projects/relap-agent/.texlive/texmf-dist/tex/latex/hyperref/hpdf
tex.def
File: hpdftex.def 2026-04-24 v7.01q Hyperref driver for pdfTeX
\Fld@listcount=\count312
\c@bookmark@seq@number=\count313

(/Users/tanome/projects/relap-agent/.texlive/texmf-dist/tex/latex/rerunfilechec
k/rerunfilecheck.sty
Package: rerunfilecheck 2025-06-21 v1.11 Rerun checks for auxiliary files (HO)

(/Users/tanome/projects/relap-agent/.texlive/texmf-dist/tex/generic/uniquecount
er/uniquecounter.sty
Package: uniquecounter 2019/12/15 v1.4 Provide unlimited unique counter (HO)
)
Package uniquecounter Info: New unique counter `rerunfilecheck' on input line 2
84.
)
\Hy@SectionHShift=\skip61
)
(/Users/tanome/projects/relap-agent/.texlive/texmf-dist/tex/latex/natbib/natbib
.sty
Package: natbib 2010/09/13 8.31b (PWD, AO)
\bibhang=\skip62
\bibsep=\skip63
LaTeX Info: Redefining \cite on input line 694.
\c@NAT@ctr=\count314
)
(/Users/tanome/projects/relap-agent/.texlive/texmf-dist/tex/latex/float/float.s
ty
Package: float 2001/11/08 v1.3d Float enhancements (AL)
\c@float@type=\count315
\float@exts=\toks30
\float@box=\box56
\@float@everytoks=\toks31
\@floatcapt=\box57
)
(/Users/tanome/projects/relap-agent/.texlive/texmf-dist/tex/latex/algorithmicx/
algpseudocode.sty
Package: algpseudocode 

(/Users/tanome/projects/relap-agent/.texlive/texmf-dist/tex/latex/base/ifthen.s
ty
Package: ifthen 2024/03/16 v1.1e Standard LaTeX ifthen package (DPC)
)
(/Users/tanome/projects/relap-agent/.texlive/texmf-dist/tex/latex/algorithmicx/
algorithmicx.sty
Package: algorithmicx 2005/04/27 v1.2 Algorithmicx

Document Style algorithmicx 1.2 - a greatly improved `algorithmic' style
\c@ALG@line=\count316
\c@ALG@rem=\count317
\c@ALG@nested=\count318
\ALG@tlm=\skip64
\ALG@thistlm=\skip65
\c@ALG@Lnr=\count319
\c@ALG@blocknr=\count320
\c@ALG@storecount=\count321
\c@ALG@tmpcounter=\count322
\ALG@tmplength=\skip66
)
Document Style - pseudocode environments for use with the `algorithmicx' style
)
(/Users/tanome/projects/relap-agent/.texlive/texmf-dist/tex/latex/booktabs/book
tabs.sty
Package: booktabs 2020/01/12 v1.61803398 Publication quality tables
\heavyrulewidth=\dimen184
\lightrulewidth=\dimen185
\cmidrulewidth=\dimen186
\belowrulesep=\dimen187
\belowbottomsep=\dimen188
\aboverulesep=\dimen189
\abovetopsep=\dimen190
\cmidrulesep=\dimen191
\cmidrulekern=\dimen192
\defaultaddspace=\dimen193
\@cmidla=\count323
\@cmidlb=\count324
\@aboverulesep=\dimen194
\@belowrulesep=\dimen195
\@thisruleclass=\count325
\@lastruleclass=\count326
\@thisrulewidth=\dimen196
)
(/Users/tanome/projects/relap-agent/.texlive/texmf-dist/tex/latex/tools/xspace.
sty
Package: xspace 2014/10/28 v1.13 Space after command names (DPC,MH)
)
(/Users/tanome/projects/relap-agent/.texlive/texmf-dist/tex/latex/siunitx/siuni
tx.sty
Package: siunitx 2026-05-15 v3.5.5 A comprehensive (SI) units package
\l__siunitx_number_uncert_offset_int=\count327
\l__siunitx_number_exponent_fixed_int=\count328
\l__siunitx_number_min_decimal_int=\count329
\l__siunitx_number_min_integer_int=\count330
\l__siunitx_number_round_precision_int=\count331
\l__siunitx_number_lower_threshold_int=\count332
\l__siunitx_number_upper_threshold_int=\count333
\l__siunitx_number_group_first_int=\count334
\l__siunitx_number_group_size_int=\count335
\l__siunitx_number_group_min_int=\count336
\l__siunitx_number_group_minimum_int=\count337
\l__siunitx_compound_count_int=\count338
\l__siunitx_table_tmp_box=\box58
\l__siunitx_table_tmp_dim=\dimen197
\l__siunitx_table_column_width_dim=\dimen198
\l__siunitx_table_integer_box=\box59
\l__siunitx_table_decimal_box=\box60
\l__siunitx_table_uncert_box=\box61
\l__siunitx_table_before_box=\box62
\l__siunitx_table_after_box=\box63
\l__siunitx_table_before_dim=\dimen199
\l__siunitx_table_carry_dim=\dimen256
\l__siunitx_unit_tmp_int=\count339
\l__siunitx_unit_position_int=\count340
\l__siunitx_unit_total_int=\count341
\l__siunitx_sexagesimal_tmp_dim=\dimen257
\l__siunitx_sexagesimal_marker_box=\box64
\l__siunitx_sexagesimal_unit_box=\box65

(/Users/tanome/projects/relap-agent/.texlive/texmf-dist/tex/latex/tools/array.s
ty
Package: array 2025/09/25 v2.6n Tabular extension package (FMi)
\col@sep=\dimen258
\ar@mcellbox=\box66
\extrarowheight=\dimen259
\NC@list=\toks32
\extratabsurround=\skip67
\backup@length=\skip68
\ar@cellbox=\box67
))
(/Users/tanome/projects/relap-agent/.texlive/texmf-dist/tex/latex/caption/capti
on.sty
Package: caption 2023/08/05 v3.6o Customizing captions (AR)

(/Users/tanome/projects/relap-agent/.texlive/texmf-dist/tex/latex/caption/capti
on3.sty
Package: caption3 2023/07/31 v2.4d caption3 kernel (AR)
\caption@tempdima=\dimen260
\captionmargin=\dimen261
\caption@leftmargin=\dimen262
\caption@rightmargin=\dimen263
\caption@width=\dimen264
\caption@indent=\dimen265
\caption@parindent=\dimen266
\caption@hangindent=\dimen267
Package caption Info: Standard document class detected.
)
\c@caption@flags=\count342
\c@continuedfloat=\count343
Package caption Info: float package is loaded.
Package caption Info: hyperref package is loaded.
)
\@float@every@algorithm=\toks33
\c@algorithm=\count344
\c@theorem=\count345
\c@definition=\count346
\c@assumption=\count347
\c@remark=\count348

(/Users/tanome/projects/relap-agent/.texlive/texmf-dist/tex/latex/graphics/colo
r.sty
Package: color 2025/01/14 v1.3e Standard LaTeX Color (DPC)

(/Users/tanome/projects/relap-agent/.texlive/texmf-dist/tex/latex/graphics-cfg/
color.cfg
File: color.cfg 2016/01/02 v1.6 sample color configuration
)
Package color Info: Driver file: pdftex.def on input line 149.

(/Users/tanome/projects/relap-agent/.texlive/texmf-dist/tex/latex/graphics/math
color.ltx))
(/Users/tanome/projects/relap-agent/.texlive/texmf-dist/tex/latex/l3backend/l3b
ackend-pdftex.def
File: l3backend-pdftex.def 2026-02-18 L3 backend support: PDF output (pdfTeX)
\l__color_backend_stack_int=\count349
) (./article_paper1.aux)
\openout1 = `article_paper1.aux'.

LaTeX Font Info:    Checking defaults for OML/cmm/m/it on input line 59.
LaTeX Font Info:    ... okay on input line 59.
LaTeX Font Info:    Checking defaults for OMS/cmsy/m/n on input line 59.
LaTeX Font Info:    ... okay on input line 59.
LaTeX Font Info:    Checking defaults for OT1/cmr/m/n on input line 59.
LaTeX Font Info:    ... okay on input line 59.
LaTeX Font Info:    Checking defaults for T1/cmr/m/n on input line 59.
LaTeX Font Info:    ... okay on input line 59.
LaTeX Font Info:    Checking defaults for TS1/cmr/m/n on input line 59.
LaTeX Font Info:    ... okay on input line 59.
LaTeX Font Info:    Checking defaults for OMX/cmex/m/n on input line 59.
LaTeX Font Info:    ... okay on input line 59.
LaTeX Font Info:    Checking defaults for U/cmr/m/n on input line 59.
LaTeX Font Info:    ... okay on input line 59.
LaTeX Font Info:    Checking defaults for PD1/pdf/m/n on input line 59.
LaTeX Font Info:    ... okay on input line 59.
LaTeX Font Info:    Checking defaults for PU/pdf/m/n on input line 59.
LaTeX Font Info:    ... okay on input line 59.

*geometry* driver: auto-detecting
*geometry* detected driver: pdftex
*geometry* verbose mode - [ preamble ] result:
* driver: pdftex
* paper: <default>
* layout: <same size as paper>
* layoutoffset:(h,v)=(0.0pt,0.0pt)
* modes: 
* h-part:(L,W,R)=(72.26999pt, 469.75502pt, 72.26999pt)
* v-part:(T,H,B)=(72.26999pt, 650.43001pt, 72.26999pt)
* \paperwidth=614.295pt
* \paperheight=794.96999pt
* \textwidth=469.75502pt
* \textheight=650.43001pt
* \oddsidemargin=0.0pt
* \evensidemargin=0.0pt
* \topmargin=-37.0pt
* \headheight=12.0pt
* \headsep=25.0pt
* \topskip=12.0pt
* \footskip=30.0pt
* \marginparwidth=44.0pt
* \marginparsep=10.0pt
* \columnsep=10.0pt
* \skip\footins=10.8pt plus 4.0pt minus 2.0pt
* \hoffset=0.0pt
* \voffset=0.0pt
* \mag=1000
* \@twocolumnfalse
* \@twosidefalse
* \@mparswitchfalse
* \@reversemarginfalse
* (1in=72.27pt=25.4mm, 1cm=28.453pt)


(/Users/tanome/projects/relap-agent/.texlive/texmf-dist/tex/context/base/mkii/s
upp-pdf.mkii
[Loading MPS to PDF converter (version 2006.09.02).]
\scratchcounter=\count350
\scratchdimen=\dimen268
\scratchbox=\box68
\nofMPsegments=\count351
\nofMParguments=\count352
\everyMPshowfont=\toks34
\MPscratchCnt=\count353
\MPscratchDim=\dimen269
\MPnumerator=\count354
\makeMPintoPDFobject=\count355
\everyMPtoPDFconversion=\toks35
)
(/Users/tanome/projects/relap-agent/.texlive/texmf-dist/tex/latex/epstopdf-pkg/
epstopdf-base.sty
Package: epstopdf-base 2020-01-24 v2.11 Base part for package epstopdf
Package epstopdf-base Info: Redefining graphics rule for `.eps' on input line 4
85.

(/Users/tanome/projects/relap-agent/.texlive/texmf-dist/tex/latex/latexconfig/e
pstopdf-sys.cfg
File: epstopdf-sys.cfg 2010/07/13 v1.3 Configuration of (r)epstopdf for TeX Liv
e
))
Package hyperref Info: Link coloring OFF on input line 59.
 (./article_paper1.out) (./article_paper1.out)
\@outlinefile=\write3
\openout3 = `article_paper1.out'.

Package caption Info: Begin \AtBeginDocument code.
Package caption Info: End \AtBeginDocument code.
LaTeX Font Info:    Trying to load font information for U+msa on input line 61.


(/Users/tanome/projects/relap-agent/.texlive/texmf-dist/tex/latex/amsfonts/umsa
.fd
File: umsa.fd 2013/01/14 v3.01 AMS symbols A
)
LaTeX Font Info:    Trying to load font information for U+msb on input line 61.


(/Users/tanome/projects/relap-agent/.texlive/texmf-dist/tex/latex/amsfonts/umsb
.fd
File: umsb.fd 2013/01/14 v3.01 AMS symbols B
) [1

{/Users/tanome/projects/relap-agent/.texlive/texmf-var/fonts/map/pdftex/updmap/
pdftex.map}] [2] [3] [4] [5] [6] [7] [8] [9{/Users/tanome/projects/relap-agent/
.texlive/texmf-dist/fonts/enc/dvips/cm-super/cm-super-ts1.enc}] [10]
[11] [12] [13] [14] [15] [16] [17] [18]
Overfull \hbox (2.39008pt too wide) in paragraph at lines 865--868
\OT1/cmr/m/n/12 We adopt a para-met-ric dis-crep-ancy in the de-sign vari-ables
 tem-per-a-ture and log-concentration: 
 []

[19] [20]
Package hyperref Info: bookmark level for unknown algorithm defaults to 0 on in
put line 944.

Underfull \hbox (badness 1077) in paragraph at lines 972--976
[] \OT1/cmr/m/sc/12 Com-pos-ite like-li-hood eval-u-a-tion\OT1/cmr/m/n/12 : cac
he the per-modality log-likelihood
 []

[21] [22]
Overfull \hbox (4.11958pt too wide) in paragraph at lines 1057--1062
 []\OT1/cmr/bx/n/12 Facility full con-di-tion-als un-der ref-er-ence, cen-ter-i
ng, or cal-i-bra-tion an-chors.[] \OT1/cmr/m/n/12 Stack-
 []

[23]
Overfull \hbox (9.1671pt too wide) in paragraph at lines 1097--1100
[]\OT1/cmr/m/it/12 Closure step\OT1/cmr/m/n/12 : $\OML/cmm/m/it/12 W$ \OT1/cmr/
m/n/12 en-sem-ble walk-ers $\OMS/cmsy/m/n/12 ^^B$ \OT1/cmr/m/n/12 one ODE solve
 per walker per sub-step, $\OML/cmm/m/it/12 O\OT1/cmr/m/n/12 (\OML/cmm/m/it/12 
W C[]\OT1/cmr/m/n/12 )$;
 []

[24] [25] [26] [27] [28] [29] [30]
Overfull \hbox (2.67085pt too wide) in paragraph at lines 1514--1523
\OT1/cmr/m/it/12 lently, the prior pre-ci-sion dom-i-nates the data pre-ci-sion
 in op-er-a-tor norm), we have $\OML/cmm/m/it/12 ^^U[]\OT1/cmr/m/n/12 (\OML/cmm
/m/it/12 A[]\OT1/cmr/m/n/12 ) \OMS/cmsy/m/n/12 ^^P
 []

[31]
Overfull \hbox (15.96054pt too wide) in paragraph at lines 1530--1541
\OT1/cmr/m/it/12 For the bound to be use-ful in the prior-dominated regime --- 
i.e. for the de-ter-min-is-tic discrepancy-
 []

[32] [33] [34] [35]
Overfull \hbox (9.89307pt too wide) in paragraph at lines 1743--1746
\OT1/cmr/m/n/12 This is ex-actly the sec-ond in-equal-ity of equa-tion [], and 
the asymp-totic rate $[](\OML/cmm/m/it/12 k[]=\OT1/cmr/m/n/12 2) \OML/cmm/m/it/
12 k=[]$
 []

[36] [37] [38] [39]
<figures/fig_worked1_corner.pdf, id=818, 239.62251pt x 244.45876pt>
File: figures/fig_worked1_corner.pdf Graphic file (type pdf)
<use figures/fig_worked1_corner.pdf>
Package pdftex.def Info: figures/fig_worked1_corner.pdf  used on input line 193
6.
(pdftex.def)             Requested size: 281.85587pt x 287.57477pt.
 [40 <./figures/fig_worked1_corner.pdf>] [41] [42] [43]
[44]
Underfull \hbox (badness 10000) in paragraph at lines 2210--2211
[]|\OT1/cmr/m/n/10 Cr Ar-rhe-nius
 []

[45]
Overfull \hbox (3.0646pt too wide) in paragraph at lines 2260--2265
\OT1/cmr/m/n/12 ground-truth Ar-rhe-nius pa-ram-e-ters are known by con-struc-t
ion. This elim-i-nates the literature-
 []

[46] [47]

Package hyperref Warning: Token not allowed in a PDF string (Unicode):
(hyperref)                removing `math shift' on input line 2359.


Package hyperref Warning: Token not allowed in a PDF string (Unicode):
(hyperref)                removing `superscript' on input line 2359.


Package hyperref Warning: Token not allowed in a PDF string (Unicode):
(hyperref)                removing `math shift' on input line 2359.

[48]
<figures/fig_method_comparison.pdf, id=982, 507.09402pt x 181.87903pt>
File: figures/fig_method_comparison.pdf Graphic file (type pdf)
<use figures/fig_method_comparison.pdf>
Package pdftex.def Info: figures/fig_method_comparison.pdf  used on input line 
2373.
(pdftex.def)             Requested size: 469.75502pt x 168.49632pt.
 [49 <./figures/fig_method_comparison.pdf>] [50] [51] [52] [53] [54]
[55] [56] [57] [58] [59] (./article_paper1.bbl [60] [61] [62] [63] [64]
[65]) [66] (./article_paper1.aux)
 ***********
LaTeX2e <2025-11-01>
L3 programming layer <2026-03-20>
 ***********
Package rerunfilecheck Info: File `article_paper1.out' has not changed.
(rerunfilecheck)             Checksum: 4748F8338BB458A060248B4E67A4A8EB;13112.
 ) 
Here is how much of TeX's memory you used:
 17264 strings out of 468830
 324968 string characters out of 5448323
 729394 words of memory out of 5000000
 45671 multiletter control sequences out of 15000+600000
 644975 words of font info for 104 fonts, out of 8000000 for 9000
 319 hyphenation exceptions out of 8191
 75i,20n,79p,774b,1243s stack positions out of 10000i,1000n,20000p,200000b,200000s
</Users/tanome/projects/relap-agent/.texlive/texmf-dist/fonts/type1/public/am
sfonts/cm/cmbx10.pfb></Users/tanome/projects/relap-agent/.texlive/texmf-dist/fo
nts/type1/public/amsfonts/cm/cmbx12.pfb></Users/tanome/projects/relap-agent/.te
xlive/texmf-dist/fonts/type1/public/amsfonts/cm/cmbxti10.pfb></Users/tanome/pro
jects/relap-agent/.texlive/texmf-dist/fonts/type1/public/amsfonts/cm/cmcsc10.pf
b></Users/tanome/projects/relap-agent/.texlive/texmf-dist/fonts/type1/public/am
sfonts/cm/cmex10.pfb></Users/tanome/projects/relap-agent/.texlive/texmf-dist/fo
nts/type1/public/amsfonts/cm/cmmi10.pfb></Users/tanome/projects/relap-agent/.te
xlive/texmf-dist/fonts/type1/public/amsfonts/cm/cmmi12.pfb></Users/tanome/proje
cts/relap-agent/.texlive/texmf-dist/fonts/type1/public/amsfonts/cm/cmmi6.pfb></
Users/tanome/projects/relap-agent/.texlive/texmf-dist/fonts/type1/public/amsfon
ts/cm/cmmi7.pfb></Users/tanome/projects/relap-agent/.texlive/texmf-dist/fonts/t
ype1/public/amsfonts/cm/cmmi8.pfb></Users/tanome/projects/relap-agent/.texlive/
texmf-dist/fonts/type1/public/amsfonts/cm/cmmib10.pfb></Users/tanome/projects/r
elap-agent/.texlive/texmf-dist/fonts/type1/public/amsfonts/cmextra/cmmib8.pfb><
/Users/tanome/projects/relap-agent/.texlive/texmf-dist/fonts/type1/public/amsfo
nts/cm/cmr10.pfb></Users/tanome/projects/relap-agent/.texlive/texmf-dist/fonts/
type1/public/amsfonts/cm/cmr12.pfb></Users/tanome/projects/relap-agent/.texlive
/texmf-dist/fonts/type1/public/amsfonts/cm/cmr6.pfb></Users/tanome/projects/rel
ap-agent/.texlive/texmf-dist/fonts/type1/public/amsfonts/cm/cmr7.pfb></Users/ta
nome/projects/relap-agent/.texlive/texmf-dist/fonts/type1/public/amsfonts/cm/cm
r8.pfb></Users/tanome/projects/relap-agent/.texlive/texmf-dist/fonts/type1/publ
ic/amsfonts/cm/cmsy10.pfb></Users/tanome/projects/relap-agent/.texlive/texmf-di
st/fonts/type1/public/amsfonts/cm/cmsy6.pfb></Users/tanome/projects/relap-agent
/.texlive/texmf-dist/fonts/type1/public/amsfonts/cm/cmsy8.pfb></Users/tanome/pr
ojects/relap-agent/.texlive/texmf-dist/fonts/type1/public/amsfonts/cm/cmti12.pf
b></Users/tanome/projects/relap-agent/.texlive/texmf-dist/fonts/type1/public/am
sfonts/cm/cmtt10.pfb></Users/tanome/projects/relap-agent/.texlive/texmf-dist/fo
nts/type1/public/amsfonts/cm/cmtt12.pfb></Users/tanome/projects/relap-agent/.te
xlive/texmf-dist/fonts/type1/public/amsfonts/symbols/msam10.pfb></Users/tanome/
projects/relap-agent/.texlive/texmf-dist/fonts/type1/public/amsfonts/symbols/ms
bm10.pfb></Users/tanome/projects/relap-agent/.texlive/texmf-dist/fonts/type1/pu
blic/cm-super/sfrm1200.pfb>
Output written on article_paper1.pdf (66 pages, 607455 bytes).
PDF statistics:
 1429 PDF objects out of 1440 (max. 8388607)
 1174 compressed objects within 12 object streams
 277 named destinations out of 1000 (max. 500000)
 443 words of extra memory for PDF output out of 10000 (max. 10000000)

