\BOOKMARK [1][-]{section.1}{\376\377\000I\000n\000t\000r\000o\000d\000u\000c\000t\000i\000o\000n}{}% 1
\BOOKMARK [1][-]{section.2}{\376\377\000B\000a\000c\000k\000g\000r\000o\000u\000n\000d}{}% 2
\BOOKMARK [2][-]{subsection.2.1}{\376\377\000M\000o\000l\000t\000e\000n\000-\000c\000h\000l\000o\000r\000i\000d\000e\000\040\000r\000a\000d\000i\000o\000l\000y\000s\000i\000s\000\040\000a\000s\000\040\000a\000\040\000s\000t\000i\000f\000f\000-\000O\000D\000E\000\040\000s\000y\000s\000t\000e\000m}{section.2}% 3
\BOOKMARK [2][-]{subsection.2.2}{\376\377\000T\000h\000e\000\040\000i\000n\000f\000e\000r\000e\000n\000c\000e\000\040\000p\000r\000o\000b\000l\000e\000m\000\040\000i\000n\000\040\000o\000n\000e\000\040\000s\000e\000n\000t\000e\000n\000c\000e}{section.2}% 4
\BOOKMARK [2][-]{subsection.2.3}{\376\377\000P\000r\000o\000b\000a\000b\000i\000l\000i\000s\000t\000i\000c\000\040\000t\000h\000i\000n\000k\000i\000n\000g\000\040\000a\000p\000p\000l\000i\000e\000d\000\040\000t\000o\000\040\000r\000a\000t\000e\000\040\000c\000o\000n\000s\000t\000a\000n\000t\000s}{section.2}% 5
\BOOKMARK [2][-]{subsection.2.4}{\376\377\000B\000a\000y\000e\000s\000'\000\040\000r\000u\000l\000e\000\040\000a\000n\000d\000\040\000t\000h\000e\000\040\000t\000h\000r\000e\000e\000\040\000p\000i\000e\000c\000e\000s\000\040\000o\000f\000\040\000a\000\040\000p\000o\000s\000t\000e\000r\000i\000o\000r}{section.2}% 6
\BOOKMARK [2][-]{subsection.2.5}{\376\377\000P\000o\000s\000t\000e\000r\000i\000o\000r\000\040\000c\000o\000m\000p\000u\000t\000a\000t\000i\000o\000n\000\040\000b\000y\000\040\000M\000a\000r\000k\000o\000v\000\040\000c\000h\000a\000i\000n\000\040\000M\000o\000n\000t\000e\000\040\000C\000a\000r\000l\000o}{section.2}% 7
\BOOKMARK [2][-]{subsection.2.6}{\376\377\000M\000o\000d\000e\000l\000\040\000a\000d\000e\000q\000u\000a\000c\000y\000\040\000a\000n\000d\000\040\000t\000h\000e\000\040\000d\000i\000s\000c\000r\000e\000p\000a\000n\000c\000y\000\040\000t\000e\000r\000m}{section.2}% 8
\BOOKMARK [2][-]{subsection.2.7}{\376\377\000H\000e\000t\000e\000r\000o\000g\000e\000n\000e\000o\000u\000s\000\040\000r\000a\000d\000i\000a\000t\000i\000o\000n\000-\000c\000h\000e\000m\000i\000s\000t\000r\000y\000\040\000o\000b\000s\000e\000r\000v\000a\000t\000i\000o\000n\000s}{section.2}% 9
\BOOKMARK [1][-]{section.3}{\376\377\000S\000t\000a\000t\000e\000-\000o\000f\000-\000t\000h\000e\000-\000a\000r\000t\000\040\000c\000o\000m\000p\000a\000r\000a\000t\000o\000r\000\040\000m\000e\000t\000h\000o\000d\000s}{}% 10
\BOOKMARK [2][-]{subsection.3.1}{\376\377\000G\000a\000l\000a\000g\000a\000l\000i\040\023\000M\000a\000r\000z\000o\000u\000k\000\040\000r\000e\000v\000e\000r\000s\000i\000b\000l\000e\000-\000j\000u\000m\000p\000\040\000M\000C\000M\000C}{section.3}% 11
\BOOKMARK [2][-]{subsection.3.2}{\376\377\000K\000e\000n\000n\000e\000d\000y\040\023\000O\000'\000H\000a\000g\000a\000n\000\040\000c\000a\000l\000i\000b\000r\000a\000t\000i\000o\000n\000\040\000w\000i\000t\000h\000\040\000G\000a\000u\000s\000s\000i\000a\000n\000-\000p\000r\000o\000c\000e\000s\000s\000\040\000d\000i\000s\000c\000r\000e\000p\000a\000n\000c\000y}{section.3}% 12
\BOOKMARK [2][-]{subsection.3.3}{\376\377\000B\0002\000B\000D\000C\000\040\000d\000e\000t\000e\000r\000m\000i\000n\000i\000s\000t\000i\000c\000\040\000u\000n\000c\000e\000r\000t\000a\000i\000n\000t\000y\000\040\000q\000u\000a\000n\000t\000i\000f\000i\000c\000a\000t\000i\000o\000n}{section.3}% 13
\BOOKMARK [2][-]{subsection.3.4}{\376\377\000V\000e\000h\000t\000a\000r\000i\000\040\000P\000S\000I\000S\000-\000L\000O\000O\000\040\000f\000o\000r\000\040\000m\000o\000d\000e\000l\000\040\000c\000o\000m\000p\000a\000r\000i\000s\000o\000n}{section.3}% 14
\BOOKMARK [2][-]{subsection.3.5}{\376\377\000S\000u\000m\000m\000a\000r\000y\000\040\000o\000f\000\040\000c\000a\000p\000a\000b\000i\000l\000i\000t\000i\000e\000s}{section.3}% 15
\BOOKMARK [1][-]{section.4}{\376\377\000T\000h\000e\000\040\000H\000B\000M\000A\000E\000\040\000f\000r\000a\000m\000e\000w\000o\000r\000k}{}% 16
\BOOKMARK [2][-]{subsection.4.1}{\376\377\000N\000o\000t\000a\000t\000i\000o\000n}{section.4}% 17
\BOOKMARK [2][-]{subsection.4.2}{\376\377\000L\000a\000y\000e\000r\000\040\0001\000\040\040\024\000\040\000C\000o\000n\000s\000t\000r\000a\000i\000n\000e\000d\000-\000t\000o\000p\000o\000l\000o\000g\000y\000\040\000p\000r\000i\000o\000r}{section.4}% 18
\BOOKMARK [2][-]{subsection.4.3}{\376\377\000L\000a\000y\000e\000r\000\040\0002\000\040\040\024\000\040\000H\000i\000e\000r\000a\000r\000c\000h\000i\000c\000a\000l\000\040\000A\000r\000r\000h\000e\000n\000i\000u\000s\000\040\000a\000c\000r\000o\000s\000s\000\040\000s\000a\000l\000t\000s}{section.4}% 19
\BOOKMARK [2][-]{subsection.4.4}{\376\377\000L\000a\000y\000e\000r\000\040\0003\000\040\040\024\000\040\000G\000o\000d\000a\000m\000b\000e\000-\000b\000a\000l\000a\000n\000c\000e\000d\000\040\000c\000o\000m\000p\000o\000s\000i\000t\000e\000\040\000l\000i\000k\000e\000l\000i\000h\000o\000o\000d}{section.4}% 20
\BOOKMARK [2][-]{subsection.4.5}{\376\377\000L\000a\000y\000e\000r\000\040\0004\000\040\040\024\000\040\000P\000a\000r\000a\000m\000e\000t\000r\000i\000c\000\040\000m\000o\000d\000e\000l\000-\000d\000i\000s\000c\000r\000e\000p\000a\000n\000c\000y}{section.4}% 21
\BOOKMARK [2][-]{subsection.4.6}{\376\377\000L\000a\000y\000e\000r\000\040\0005\000\040\040\024\000\040\000F\000a\000c\000i\000l\000i\000t\000y\000-\000e\000f\000f\000e\000c\000t\000\040\000b\000i\000a\000s\000\040\000t\000e\000r\000m\000s}{section.4}% 22
\BOOKMARK [2][-]{subsection.4.7}{\376\377\000T\000h\000e\000\040\000u\000n\000i\000f\000i\000e\000d\000\040\000p\000o\000s\000t\000e\000r\000i\000o\000r}{section.4}% 23
\BOOKMARK [2][-]{subsection.4.8}{\376\377\000A\000l\000g\000o\000r\000i\000t\000h\000m\000\040\000a\000n\000d\000\040\000i\000m\000p\000l\000e\000m\000e\000n\000t\000a\000t\000i\000o\000n}{section.4}% 24
\BOOKMARK [1][-]{section.5}{\376\377\000T\000h\000e\000o\000r\000e\000m\000s\000\040\000a\000n\000d\000\040\000p\000l\000a\000i\000n\000-\000l\000a\000n\000g\000u\000a\000g\000e\000\040\000i\000n\000t\000e\000r\000p\000r\000e\000t\000a\000t\000i\000o\000n\000s}{}% 25
\BOOKMARK [2][-]{subsection.5.1}{\376\377\000T\000h\000e\000o\000r\000e\000m\000\040\0001\000\040\040\024\000\040\000E\000r\000g\000o\000d\000i\000c\000i\000t\000y\000\040\000o\000f\000\040\000c\000o\000n\000s\000t\000r\000a\000i\000n\000e\000d\000\040\000R\000J\000-\000M\000C\000M\000C}{section.5}% 26
\BOOKMARK [2][-]{subsection.5.2}{\376\377\000T\000h\000e\000o\000r\000e\000m\000\040\0002\000\040\040\024\000\040\000C\000r\000o\000s\000s\000-\000s\000a\000l\000t\000\040\000p\000o\000s\000t\000e\000r\000i\000o\000r\000\040\000c\000o\000n\000s\000i\000s\000t\000e\000n\000c\000y}{section.5}% 27
\BOOKMARK [2][-]{subsection.5.3}{\376\377\000T\000h\000e\000o\000r\000e\000m\000\040\0003\000\040\040\024\000\040\000F\000i\000n\000i\000t\000e\000-\000s\000a\000m\000p\000l\000e\000\040\000b\000i\000a\000s\000\040\000u\000n\000d\000e\000r\000\040\000p\000a\000r\000a\000m\000e\000t\000r\000i\000c\000\040\000d\000i\000s\000c\000r\000e\000p\000a\000n\000c\000y}{section.5}% 28
\BOOKMARK [2][-]{subsection.5.4}{\376\377\000T\000h\000e\000o\000r\000e\000m\000\040\0004\000\040\040\024\000\040\000S\000a\000n\000d\000w\000i\000c\000h\000\040\000a\000s\000y\000m\000p\000t\000o\000t\000i\000c\000s\000\040\000f\000o\000r\000\040\000t\000h\000e\000\040\000c\000o\000m\000p\000o\000s\000i\000t\000e\000\040\000e\000s\000t\000i\000m\000a\000t\000o\000r}{section.5}% 29
\BOOKMARK [2][-]{subsection.5.5}{\376\377\000T\000h\000e\000o\000r\000e\000m\000\040\0005\000\040\040\024\000\040\000C\000e\000n\000s\000o\000r\000e\000d\000\040\000B\000a\000y\000e\000s\000\040\000f\000a\000c\000t\000o\000r\000\040\000f\000o\000r\000\040\000N\000U\000L\000L\000\040\000b\000e\000n\000c\000h\000m\000a\000r\000k\000s}{section.5}% 30
\BOOKMARK [2][-]{subsection.5.6}{\376\377\000T\000h\000e\000o\000r\000e\000m\000\040\0006\000\040\040\024\000\040\000I\000d\000e\000n\000t\000i\000f\000i\000a\000b\000i\000l\000i\000t\000y\000\040\000o\000f\000\040\000t\000h\000e\000\040\000f\000a\000c\000i\000l\000i\000t\000y\000-\000e\000f\000f\000e\000c\000t\000\040\000h\000i\000e\000r\000a\000r\000c\000h\000y}{section.5}% 31
\BOOKMARK [1][-]{section.6}{\376\377\000W\000o\000r\000k\000e\000d\000\040\000E\000x\000a\000m\000p\000l\000e\000\040\000I\000\040\040\024\000\040\000s\000i\000n\000g\000l\000e\000-\000r\000e\000a\000c\000t\000i\000o\000n\000\040\000i\000l\000l\000u\000s\000t\000r\000a\000t\000i\000o\000n}{}% 32
\BOOKMARK [2][-]{subsection.6.1}{\376\377\000T\000h\000e\000\040\000d\000a\000t\000a\000\040\000a\000n\000d\000\040\000t\000h\000e\000\040\000m\000o\000d\000e\000l}{section.6}% 33
\BOOKMARK [2][-]{subsection.6.2}{\376\377\000T\000h\000e\000\040\000f\000i\000v\000e\000\040\000l\000a\000y\000e\000r\000s\000\040\000i\000n\000\040\000t\000h\000i\000s\000\040\000e\000x\000a\000m\000p\000l\000e}{section.6}% 34
\BOOKMARK [2][-]{subsection.6.3}{\376\377\000R\000e\000s\000u\000l\000t\000\040\000a\000n\000d\000\040\000i\000n\000t\000e\000r\000p\000r\000e\000t\000a\000t\000i\000o\000n}{section.6}% 35
\BOOKMARK [1][-]{section.7}{\376\377\000W\000o\000r\000k\000e\000d\000\040\000E\000x\000a\000m\000p\000l\000e\000\040\000I\000I\000\040\040\024\000\040\000c\000r\000o\000s\000s\000-\000p\000a\000p\000e\000r\000\040\000r\000e\000s\000o\000l\000u\000t\000i\000o\000n}{}% 36
\BOOKMARK [2][-]{subsection.7.1}{\376\377\000R\000e\000s\000o\000l\000u\000t\000i\000o\000n\000\040\000v\000i\000a\000\040\000t\000h\000e\000\040\000f\000a\000c\000i\000l\000i\000t\000y\000-\000e\000f\000f\000e\000c\000t\000\040\000l\000a\000y\000e\000r}{section.7}% 37
\BOOKMARK [2][-]{subsection.7.2}{\376\377\000P\000o\000s\000t\000e\000r\000i\000o\000r\000\040\000r\000e\000s\000u\000l\000t}{section.7}% 38
\BOOKMARK [1][-]{section.8}{\376\377\000V\000a\000l\000i\000d\000a\000t\000i\000o\000n\000\040\000c\000a\000s\000e\000\040\000s\000t\000u\000d\000i\000e\000s}{}% 39
\BOOKMARK [2][-]{subsection.8.1}{\376\377\000T\000i\000e\000r\000\040\0001\000\040\040\024\000\040\000i\000d\000e\000n\000t\000i\000f\000i\000a\000b\000i\000l\000i\000t\000y\000\040\000a\000n\000d\000\040\000c\000o\000n\000s\000i\000s\000t\000e\000n\000c\000y\000\040\000s\000c\000r\000e\000e\000n\000i\000n\000g}{section.8}% 40
\BOOKMARK [2][-]{subsection.8.2}{\376\377\000T\000i\000e\000r\000\040\0002\000\040\040\024\000\040\0009\000-\000t\000r\000a\000n\000s\000i\000e\000n\000t\000\040\000O\000D\000E\000\040\000c\000a\000l\000i\000b\000r\000a\000t\000i\000o\000n}{section.8}% 41
\BOOKMARK [2][-]{subsection.8.3}{\376\377\000T\000i\000e\000r\000\040\0003\000\040\040\024\000\040\000m\000u\000l\000t\000i\000-\000p\000a\000p\000e\000r\000\040\000c\000o\000m\000p\000o\000s\000i\000t\000e\000\040\000l\000i\000k\000e\000l\000i\000h\000o\000o\000d}{section.8}% 42
\BOOKMARK [2][-]{subsection.8.4}{\376\377\000T\000i\000e\000r\000\040\0004\000\040\040\024\000\040\000i\000n\000t\000e\000g\000r\000a\000t\000e\000d\000\040\000e\000n\000d\000-\000t\000o\000-\000e\000n\000d\000\040\000M\000C\000M\000C}{section.8}% 43
\BOOKMARK [2][-]{subsection.8.5}{\376\377\000T\000h\000e\000o\000r\000e\000m\000\040\0002\000\040\000h\000o\000s\000t\000-\000s\000c\000a\000l\000i\000n\000g\000\040\000s\000i\000m\000u\000l\000a\000t\000i\000o\000n}{section.8}% 44
\BOOKMARK [1][-]{section.9}{\376\377\000C\000o\000m\000p\000a\000r\000i\000s\000o\000n\000\040\000w\000i\000t\000h\000\040\000c\000o\000m\000p\000a\000r\000a\000t\000o\000r\000\040\000m\000e\000t\000h\000o\000d\000s}{}% 45
\BOOKMARK [2][-]{subsection.9.1}{\376\377\000S\000y\000n\000t\000h\000e\000t\000i\000c\000-\000d\000a\000t\000a\000\040\000b\000e\000n\000c\000h\000m\000a\000r\000k\000\040\000w\000i\000t\000h\000\040\000k\000n\000o\000w\000n\000\040\000g\000r\000o\000u\000n\000d\000\040\000t\000r\000u\000t\000h}{section.9}% 46
\BOOKMARK [2][-]{subsection.9.2}{\376\377\000P\000u\000b\000l\000i\000s\000h\000e\000d\000-\000d\000a\000t\000a\000\040\000b\000e\000n\000c\000h\000m\000a\000r\000k\000\040\000o\000n\000\040\000m\000u\000l\000t\000i\000-\000p\000a\000p\000e\000r\000\040\000Z\000n\0002\000+}{section.9}% 47
\BOOKMARK [1][-]{section.10}{\376\377\000D\000i\000s\000c\000u\000s\000s\000i\000o\000n}{}% 48
\BOOKMARK [2][-]{subsection.10.1}{\376\377\000L\000i\000m\000i\000t\000a\000t\000i\000o\000n\000s}{section.10}% 49
\BOOKMARK [1][-]{section.11}{\376\377\000C\000o\000n\000c\000l\000u\000s\000i\000o\000n}{}% 50
\BOOKMARK [1][-]{section.A}{\376\377\000E\000x\000t\000e\000n\000d\000e\000d\000\040\000p\000r\000o\000o\000f\000s\000\040\000o\000f\000\040\000T\000h\000e\000o\000r\000e\000m\000\040\0004\000\040\000a\000n\000d\000\040\000T\000h\000e\000o\000r\000e\000m\000\040\0005}{}% 51
\BOOKMARK [1][-]{section.B}{\376\377\000C\000o\000m\000p\000u\000t\000a\000t\000i\000o\000n\000a\000l\000\040\000d\000e\000t\000a\000i\000l\000s}{}% 52
\BOOKMARK [1][-]{section.C}{\376\377\000C\000o\000d\000e\000\040\000l\000i\000s\000t\000i\000n\000g\000\040\000p\000o\000i\000n\000t\000e\000r\000s}{}% 53
\BOOKMARK [1][-]{section.D}{\376\377\000G\000l\000o\000s\000s\000a\000r\000y}{}% 54
