This is pdfTeX, Version 3.141592653-2.6-1.40.29 (TeX Live 2026) (preloaded format=pdflatex 2026.5.9)  30 MAY 2026 16:29
entering extended mode
 restricted \write18 enabled.
 %&-line parsing enabled.
**article_paper2.tex
(./article_paper2.tex
LaTeX2e <2025-11-01>
L3 programming layer <2026-03-20>

(/Users/tanome/projects/relap-agent/.texlive/texmf-dist/tex/latex/base/article.
cls
Document Class: article 2025/01/22 v1.4n Standard LaTeX document class

(/Users/tanome/projects/relap-agent/.texlive/texmf-dist/tex/latex/base/size11.c
lo
File: size11.clo 2025/01/22 v1.4n Standard LaTeX file (size option)
)
\c@part=\count275
\c@section=\count276
\c@subsection=\count277
\c@subsubsection=\count278
\c@paragraph=\count279
\c@subparagraph=\count280
\c@figure=\count281
\c@table=\count282
\abovecaptionskip=\skip49
\belowcaptionskip=\skip50
\bibindent=\dimen150
)
(/Users/tanome/projects/relap-agent/.texlive/texmf-dist/tex/latex/geometry/geom
etry.sty
Package: geometry 2026/03/07 v6.0 Page Geometry

(/Users/tanome/projects/relap-agent/.texlive/texmf-dist/tex/latex/graphics/keyv
al.sty
Package: keyval 2022/05/29 v1.15 key=value parser (DPC)
\KV@toks@=\toks17
)
(/Users/tanome/projects/relap-agent/.texlive/texmf-dist/tex/generic/iftex/ifvte
x.sty
Package: ifvtex 2019/10/25 v1.7 ifvtex legacy package. Use iftex instead.

(/Users/tanome/projects/relap-agent/.texlive/texmf-dist/tex/generic/iftex/iftex
.sty
Package: iftex 2024/12/12 v1.0g TeX engine tests
))
\Gm@cnth=\count283
\Gm@cntv=\count284
\c@Gm@tempcnt=\count285
\Gm@bindingoffset=\dimen151
\Gm@wd@mp=\dimen152
\Gm@odd@mp=\dimen153
\Gm@even@mp=\dimen154
\Gm@layoutwidth=\dimen155
\Gm@layoutheight=\dimen156
\Gm@layouthoffset=\dimen157
\Gm@layoutvoffset=\dimen158
\Gm@dimlist=\toks18
)
(/Users/tanome/projects/relap-agent/.texlive/texmf-dist/tex/latex/amsmath/amsma
th.sty
Package: amsmath 2025/07/09 v2.17z AMS math features
\@mathmargin=\skip51

For additional information on amsmath, use the `?' option.

(/Users/tanome/projects/relap-agent/.texlive/texmf-dist/tex/latex/amsmath/amste
xt.sty
Package: amstext 2024/11/17 v2.01 AMS text

(/Users/tanome/projects/relap-agent/.texlive/texmf-dist/tex/latex/amsmath/amsge
n.sty
File: amsgen.sty 1999/11/30 v2.0 generic functions
\@emptytoks=\toks19
\ex@=\dimen159
))
(/Users/tanome/projects/relap-agent/.texlive/texmf-dist/tex/latex/amsmath/amsbs
y.sty
Package: amsbsy 1999/11/29 v1.2d Bold Symbols
\pmbraise@=\dimen160
)
(/Users/tanome/projects/relap-agent/.texlive/texmf-dist/tex/latex/amsmath/amsop
n.sty
Package: amsopn 2022/04/08 v2.04 operator names
)
\inf@bad=\count286
LaTeX Info: Redefining \frac on input line 233.
\uproot@=\count287
\leftroot@=\count288
LaTeX Info: Redefining \overline on input line 398.
LaTeX Info: Redefining \colon on input line 409.
\classnum@=\count289
\DOTSCASE@=\count290
LaTeX Info: Redefining \ldots on input line 495.
LaTeX Info: Redefining \dots on input line 498.
LaTeX Info: Redefining \cdots on input line 619.
\Mathstrutbox@=\box53
\strutbox@=\box54
LaTeX Info: Redefining \big on input line 721.
LaTeX Info: Redefining \Big on input line 722.
LaTeX Info: Redefining \bigg on input line 723.
LaTeX Info: Redefining \Bigg on input line 724.
\big@size=\dimen161
LaTeX Font Info:    Redeclaring font encoding OML on input line 742.
LaTeX Font Info:    Redeclaring font encoding OMS on input line 743.
\macc@depth=\count291
LaTeX Info: Redefining \bmod on input line 904.
LaTeX Info: Redefining \pmod on input line 909.
LaTeX Info: Redefining \smash on input line 939.
LaTeX Info: Redefining \relbar on input line 969.
LaTeX Info: Redefining \Relbar on input line 970.
\c@MaxMatrixCols=\count292
\dotsspace@=\muskip17
\c@parentequation=\count293
\dspbrk@lvl=\count294
\tag@help=\toks20
\row@=\count295
\column@=\count296
\maxfields@=\count297
\andhelp@=\toks21
\eqnshift@=\dimen162
\alignsep@=\dimen163
\tagshift@=\dimen164
\tagwidth@=\dimen165
\totwidth@=\dimen166
\lineht@=\dimen167
\@envbody=\toks22
\multlinegap=\skip52
\multlinetaggap=\skip53
\mathdisplay@stack=\toks23
LaTeX Info: Redefining \[ on input line 2950.
LaTeX Info: Redefining \] on input line 2951.
)
(/Users/tanome/projects/relap-agent/.texlive/texmf-dist/tex/latex/amsfonts/amss
ymb.sty
Package: amssymb 2013/01/14 v3.01 AMS font symbols

(/Users/tanome/projects/relap-agent/.texlive/texmf-dist/tex/latex/amsfonts/amsf
onts.sty
Package: amsfonts 2013/01/14 v3.01 Basic AMSFonts support
\symAMSa=\mathgroup4
\symAMSb=\mathgroup5
LaTeX Font Info:    Redeclaring math symbol \hbar on input line 98.
LaTeX Font Info:    Overwriting math alphabet `\mathfrak' in version `bold'
(Font)                  U/euf/m/n --> U/euf/b/n on input line 106.
))
(/Users/tanome/projects/relap-agent/.texlive/texmf-dist/tex/latex/amscls/amsthm
.sty
Package: amsthm 2020/05/29 v2.20.6
\thm@style=\toks24
\thm@bodyfont=\toks25
\thm@headfont=\toks26
\thm@notefont=\toks27
\thm@headpunct=\toks28
\thm@preskip=\skip54
\thm@postskip=\skip55
\thm@headsep=\skip56
\dth@everypar=\toks29
)
(/Users/tanome/projects/relap-agent/.texlive/texmf-dist/tex/latex/mathtools/mat
htools.sty
Package: mathtools 2024/10/04 v1.31 mathematical typesetting tools

(/Users/tanome/projects/relap-agent/.texlive/texmf-dist/tex/latex/tools/calc.st
y
Package: calc 2025/03/01 v4.3b Infix arithmetic (KKT,FJ)
\calc@Acount=\count298
\calc@Bcount=\count299
\calc@Adimen=\dimen168
\calc@Bdimen=\dimen169
\calc@Askip=\skip57
\calc@Bskip=\skip58
LaTeX Info: Redefining \setlength on input line 86.
LaTeX Info: Redefining \addtolength on input line 87.
\calc@Ccount=\count300
\calc@Cskip=\skip59
)
(/Users/tanome/projects/relap-agent/.texlive/texmf-dist/tex/latex/mathtools/mhs
etup.sty
Package: mhsetup 2021/03/18 v1.4 programming setup (MH)
)
\g_MT_multlinerow_int=\count301
\l_MT_multwidth_dim=\dimen170
\origjot=\skip60
\l_MT_shortvdotswithinadjustabove_dim=\dimen171
\l_MT_shortvdotswithinadjustbelow_dim=\dimen172
\l_MT_above_intertext_sep=\dimen173
\l_MT_below_intertext_sep=\dimen174
\l_MT_above_shortintertext_sep=\dimen175
\l_MT_below_shortintertext_sep=\dimen176
\xmathstrut@box=\box55
\xmathstrut@dim=\dimen177
)
(/Users/tanome/projects/relap-agent/.texlive/texmf-dist/tex/latex/graphics/grap
hicx.sty
Package: graphicx 2024/12/31 v1.2e Enhanced LaTeX Graphics (DPC,SPQR)

(/Users/tanome/projects/relap-agent/.texlive/texmf-dist/tex/latex/graphics/grap
hics.sty
Package: graphics 2024/08/06 v1.4g Standard LaTeX Graphics (DPC,SPQR)

(/Users/tanome/projects/relap-agent/.texlive/texmf-dist/tex/latex/graphics/trig
.sty
Package: trig 2023/12/02 v1.11 sin cos tan (DPC)
)
(/Users/tanome/projects/relap-agent/.texlive/texmf-dist/tex/latex/graphics-cfg/
graphics.cfg
File: graphics.cfg 2016/06/04 v1.11 sample graphics configuration
)
Package graphics Info: Driver file: pdftex.def on input line 106.

(/Users/tanome/projects/relap-agent/.texlive/texmf-dist/tex/latex/graphics-def/
pdftex.def
File: pdftex.def 2025/09/29 v1.2d Graphics/color driver for pdftex
))
\Gin@req@height=\dimen178
\Gin@req@width=\dimen179
)
(/Users/tanome/projects/relap-agent/.texlive/texmf-dist/tex/latex/hyperref/hype
rref.sty
Package: hyperref 2026-04-24 v7.01q Hypertext links for LaTeX

(/Users/tanome/projects/relap-agent/.texlive/texmf-dist/tex/latex/kvsetkeys/kvs
etkeys.sty
Package: kvsetkeys 2022-10-05 v1.19 Key value parser (HO)
)
(/Users/tanome/projects/relap-agent/.texlive/texmf-dist/tex/generic/kvdefinekey
s/kvdefinekeys.sty
Package: kvdefinekeys 2019-12-19 v1.6 Define keys (HO)
)
(/Users/tanome/projects/relap-agent/.texlive/texmf-dist/tex/generic/pdfescape/p
dfescape.sty
Package: pdfescape 2019/12/09 v1.15 Implements pdfTeX's escape features (HO)

(/Users/tanome/projects/relap-agent/.texlive/texmf-dist/tex/generic/ltxcmds/ltx
cmds.sty
Package: ltxcmds 2023-12-04 v1.26 LaTeX kernel commands for general use (HO)
)
(/Users/tanome/projects/relap-agent/.texlive/texmf-dist/tex/generic/pdftexcmds/
pdftexcmds.sty
Package: pdftexcmds 2020-06-27 v0.33 Utility functions of pdfTeX for LuaTeX (HO
)

(/Users/tanome/projects/relap-agent/.texlive/texmf-dist/tex/generic/infwarerr/i
nfwarerr.sty
Package: infwarerr 2019/12/03 v1.5 Providing info/warning/error messages (HO)
)
Package pdftexcmds Info: \pdf@primitive is available.
Package pdftexcmds Info: \pdf@ifprimitive is available.
Package pdftexcmds Info: \pdfdraftmode found.
))
(/Users/tanome/projects/relap-agent/.texlive/texmf-dist/tex/latex/hycolor/hycol
or.sty
Package: hycolor 2020-01-27 v1.10 Color options for hyperref/bookmark (HO)
)
(/Users/tanome/projects/relap-agent/.texlive/texmf-dist/tex/latex/hyperref/name
ref.sty
Package: nameref 2026-01-29 v2.58 Cross-referencing by name of section

(/Users/tanome/projects/relap-agent/.texlive/texmf-dist/tex/latex/refcount/refc
ount.sty
Package: refcount 2019/12/15 v3.6 Data extraction from label references (HO)
)
(/Users/tanome/projects/relap-agent/.texlive/texmf-dist/tex/generic/gettitlestr
ing/gettitlestring.sty
Package: gettitlestring 2019/12/15 v1.6 Cleanup title references (HO)

(/Users/tanome/projects/relap-agent/.texlive/texmf-dist/tex/latex/kvoptions/kvo
ptions.sty
Package: kvoptions 2022-06-15 v3.15 Key value format for package options (HO)
))
\c@section@level=\count302
)
(/Users/tanome/projects/relap-agent/.texlive/texmf-dist/tex/latex/etoolbox/etoo
lbox.sty
Package: etoolbox 2025/10/02 v2.5m e-TeX tools for LaTeX (JAW)
\etb@tempcnta=\count303
)
(/Users/tanome/projects/relap-agent/.texlive/texmf-dist/tex/generic/stringenc/s
tringenc.sty
Package: stringenc 2019/11/29 v1.12 Convert strings between diff. encodings (HO
)
)
\@linkdim=\dimen180
\Hy@linkcounter=\count304
\Hy@pagecounter=\count305

(/Users/tanome/projects/relap-agent/.texlive/texmf-dist/tex/latex/hyperref/pd1e
nc.def
File: pd1enc.def 2026-04-24 v7.01q Hyperref: PDFDocEncoding definition (HO)
Now handling font encoding PD1 ...
... no UTF-8 mapping file for font encoding PD1
)
(/Users/tanome/projects/relap-agent/.texlive/texmf-dist/tex/generic/intcalc/int
calc.sty
Package: intcalc 2019/12/15 v1.3 Expandable calculations with integers (HO)
)
\Hy@SavedSpaceFactor=\count306

(/Users/tanome/projects/relap-agent/.texlive/texmf-dist/tex/latex/hyperref/puen
c.def
File: puenc.def 2026-04-24 v7.01q Hyperref: PDF Unicode definition (HO)
Now handling font encoding PU ...
... no UTF-8 mapping file for font encoding PU
)
Package hyperref Info: Hyper figures OFF on input line 4199.
Package hyperref Info: Link nesting OFF on input line 4204.
Package hyperref Info: Hyper index ON on input line 4207.
Package hyperref Info: Plain pages OFF on input line 4214.
Package hyperref Info: Backreferencing OFF on input line 4219.
Package hyperref Info: Implicit mode ON; LaTeX internals redefined.
Package hyperref Info: Bookmarks ON on input line 4466.
\c@Hy@tempcnt=\count307

(/Users/tanome/projects/relap-agent/.texlive/texmf-dist/tex/latex/url/url.sty
\Urlmuskip=\muskip18
Package: url 2013/09/16  ver 3.4  Verb mode for urls, etc.
)
LaTeX Info: Redefining \url on input line 4805.
\XeTeXLinkMargin=\dimen181

(/Users/tanome/projects/relap-agent/.texlive/texmf-dist/tex/generic/bitset/bits
et.sty
Package: bitset 2019/12/09 v1.3 Handle bit-vector datatype (HO)

(/Users/tanome/projects/relap-agent/.texlive/texmf-dist/tex/generic/bigintcalc/
bigintcalc.sty
Package: bigintcalc 2019/12/15 v1.5 Expandable calculations on big integers (HO
)
))
\Fld@menulength=\count308
\Field@Width=\dimen182
\Fld@charsize=\dimen183
Package hyperref Info: Hyper figures OFF on input line 6091.
Package hyperref Info: Link nesting OFF on input line 6096.
Package hyperref Info: Hyper index ON on input line 6099.
Package hyperref Info: backreferencing OFF on input line 6106.
Package hyperref Info: Link coloring OFF on input line 6111.
Package hyperref Info: Link coloring with OCG OFF on input line 6116.
Package hyperref Info: PDF/A mode OFF on input line 6121.
\Hy@abspage=\count309
\c@Item=\count310
\c@Hfootnote=\count311
)
Package hyperref Info: Driver (autodetected): hpdftex.

(/Users/tanome/projects/relap-agent/.texlive/texmf-dist/tex/latex/hyperref/hpdf
tex.def
File: hpdftex.def 2026-04-24 v7.01q Hyperref driver for pdfTeX
\Fld@listcount=\count312
\c@bookmark@seq@number=\count313

(/Users/tanome/projects/relap-agent/.texlive/texmf-dist/tex/latex/rerunfilechec
k/rerunfilecheck.sty
Package: rerunfilecheck 2025-06-21 v1.11 Rerun checks for auxiliary files (HO)

(/Users/tanome/projects/relap-agent/.texlive/texmf-dist/tex/generic/uniquecount
er/uniquecounter.sty
Package: uniquecounter 2019/12/15 v1.4 Provide unlimited unique counter (HO)
)
Package uniquecounter Info: New unique counter `rerunfilecheck' on input line 2
84.
)
\Hy@SectionHShift=\skip61
)
(/Users/tanome/projects/relap-agent/.texlive/texmf-dist/tex/latex/natbib/natbib
.sty
Package: natbib 2010/09/13 8.31b (PWD, AO)
\bibhang=\skip62
\bibsep=\skip63
LaTeX Info: Redefining \cite on input line 694.
\c@NAT@ctr=\count314
)
(/Users/tanome/projects/relap-agent/.texlive/texmf-dist/tex/latex/booktabs/book
tabs.sty
Package: booktabs 2020/01/12 v1.61803398 Publication quality tables
\heavyrulewidth=\dimen184
\lightrulewidth=\dimen185
\cmidrulewidth=\dimen186
\belowrulesep=\dimen187
\belowbottomsep=\dimen188
\aboverulesep=\dimen189
\abovetopsep=\dimen190
\cmidrulesep=\dimen191
\cmidrulekern=\dimen192
\defaultaddspace=\dimen193
\@cmidla=\count315
\@cmidlb=\count316
\@aboverulesep=\dimen194
\@belowrulesep=\dimen195
\@thisruleclass=\count317
\@lastruleclass=\count318
\@thisrulewidth=\dimen196
)
(/Users/tanome/projects/relap-agent/.texlive/texmf-dist/tex/latex/tools/xspace.
sty
Package: xspace 2014/10/28 v1.13 Space after command names (DPC,MH)
)
(/Users/tanome/projects/relap-agent/.texlive/texmf-dist/tex/latex/siunitx/siuni
tx.sty
Package: siunitx 2026-05-15 v3.5.5 A comprehensive (SI) units package
\l__siunitx_number_uncert_offset_int=\count319
\l__siunitx_number_exponent_fixed_int=\count320
\l__siunitx_number_min_decimal_int=\count321
\l__siunitx_number_min_integer_int=\count322
\l__siunitx_number_round_precision_int=\count323
\l__siunitx_number_lower_threshold_int=\count324
\l__siunitx_number_upper_threshold_int=\count325
\l__siunitx_number_group_first_int=\count326
\l__siunitx_number_group_size_int=\count327
\l__siunitx_number_group_min_int=\count328
\l__siunitx_number_group_minimum_int=\count329
\l__siunitx_compound_count_int=\count330
\l__siunitx_table_tmp_box=\box56
\l__siunitx_table_tmp_dim=\dimen197
\l__siunitx_table_column_width_dim=\dimen198
\l__siunitx_table_integer_box=\box57
\l__siunitx_table_decimal_box=\box58
\l__siunitx_table_uncert_box=\box59
\l__siunitx_table_before_box=\box60
\l__siunitx_table_after_box=\box61
\l__siunitx_table_before_dim=\dimen199
\l__siunitx_table_carry_dim=\dimen256
\l__siunitx_unit_tmp_int=\count331
\l__siunitx_unit_position_int=\count332
\l__siunitx_unit_total_int=\count333
\l__siunitx_sexagesimal_tmp_dim=\dimen257
\l__siunitx_sexagesimal_marker_box=\box62
\l__siunitx_sexagesimal_unit_box=\box63

(/Users/tanome/projects/relap-agent/.texlive/texmf-dist/tex/latex/tools/array.s
ty
Package: array 2025/09/25 v2.6n Tabular extension package (FMi)
\col@sep=\dimen258
\ar@mcellbox=\box64
\extrarowheight=\dimen259
\NC@list=\toks30
\extratabsurround=\skip64
\backup@length=\skip65
\ar@cellbox=\box65
))
(/Users/tanome/projects/relap-agent/.texlive/texmf-dist/tex/latex/caption/capti
on.sty
Package: caption 2023/08/05 v3.6o Customizing captions (AR)

(/Users/tanome/projects/relap-agent/.texlive/texmf-dist/tex/latex/caption/capti
on3.sty
Package: caption3 2023/07/31 v2.4d caption3 kernel (AR)
\caption@tempdima=\dimen260
\captionmargin=\dimen261
\caption@leftmargin=\dimen262
\caption@rightmargin=\dimen263
\caption@width=\dimen264
\caption@indent=\dimen265
\caption@parindent=\dimen266
\caption@hangindent=\dimen267
Package caption Info: Standard document class detected.
)
\c@caption@flags=\count334
\c@continuedfloat=\count335
Package caption Info: hyperref package is loaded.
)
(/Users/tanome/projects/relap-agent/.texlive/texmf-dist/tex/latex/tools/longtab
le.sty
Package: longtable 2025-10-13 v4.24 Multi-page Table package (DPC)
\LTleft=\skip66
\LTright=\skip67
\LTpre=\skip68
\LTpost=\skip69
\LTchunksize=\count336
\LTcapwidth=\dimen268
\LT@head=\box66
\LT@firsthead=\box67
\LT@foot=\box68
\LT@lastfoot=\box69
\LT@gbox=\box70
\LT@cols=\count337
\LT@rows=\count338
\c@LT@tables=\count339
\c@LT@chunks=\count340
\LT@p@ftn=\toks31
)
\c@theorem=\count341
\c@definition=\count342
\c@remark=\count343

(/Users/tanome/projects/relap-agent/.texlive/texmf-dist/tex/latex/graphics/colo
r.sty
Package: color 2025/01/14 v1.3e Standard LaTeX Color (DPC)

(/Users/tanome/projects/relap-agent/.texlive/texmf-dist/tex/latex/graphics-cfg/
color.cfg
File: color.cfg 2016/01/02 v1.6 sample color configuration
)
Package color Info: Driver file: pdftex.def on input line 149.

(/Users/tanome/projects/relap-agent/.texlive/texmf-dist/tex/latex/graphics/math
color.ltx))
(/Users/tanome/projects/relap-agent/.texlive/texmf-dist/tex/latex/l3backend/l3b
ackend-pdftex.def
File: l3backend-pdftex.def 2026-02-18 L3 backend support: PDF output (pdfTeX)
\l__color_backend_stack_int=\count344
) (./article_paper2.aux)
\openout1 = `article_paper2.aux'.

LaTeX Font Info:    Checking defaults for OML/cmm/m/it on input line 53.
LaTeX Font Info:    ... okay on input line 53.
LaTeX Font Info:    Checking defaults for OMS/cmsy/m/n on input line 53.
LaTeX Font Info:    ... okay on input line 53.
LaTeX Font Info:    Checking defaults for OT1/cmr/m/n on input line 53.
LaTeX Font Info:    ... okay on input line 53.
LaTeX Font Info:    Checking defaults for T1/cmr/m/n on input line 53.
LaTeX Font Info:    ... okay on input line 53.
LaTeX Font Info:    Checking defaults for TS1/cmr/m/n on input line 53.
LaTeX Font Info:    ... okay on input line 53.
LaTeX Font Info:    Checking defaults for OMX/cmex/m/n on input line 53.
LaTeX Font Info:    ... okay on input line 53.
LaTeX Font Info:    Checking defaults for U/cmr/m/n on input line 53.
LaTeX Font Info:    ... okay on input line 53.
LaTeX Font Info:    Checking defaults for PD1/pdf/m/n on input line 53.
LaTeX Font Info:    ... okay on input line 53.
LaTeX Font Info:    Checking defaults for PU/pdf/m/n on input line 53.
LaTeX Font Info:    ... okay on input line 53.

*geometry* driver: auto-detecting
*geometry* detected driver: pdftex
*geometry* verbose mode - [ preamble ] result:
* driver: pdftex
* paper: <default>
* layout: <same size as paper>
* layoutoffset:(h,v)=(0.0pt,0.0pt)
* modes: 
* h-part:(L,W,R)=(72.26999pt, 469.75502pt, 72.26999pt)
* v-part:(T,H,B)=(72.26999pt, 650.43001pt, 72.26999pt)
* \paperwidth=614.295pt
* \paperheight=794.96999pt
* \textwidth=469.75502pt
* \textheight=650.43001pt
* \oddsidemargin=0.0pt
* \evensidemargin=0.0pt
* \topmargin=-37.0pt
* \headheight=12.0pt
* \headsep=25.0pt
* \topskip=11.0pt
* \footskip=30.0pt
* \marginparwidth=59.0pt
* \marginparsep=10.0pt
* \columnsep=10.0pt
* \skip\footins=10.0pt plus 4.0pt minus 2.0pt
* \hoffset=0.0pt
* \voffset=0.0pt
* \mag=1000
* \@twocolumnfalse
* \@twosidefalse
* \@mparswitchfalse
* \@reversemarginfalse
* (1in=72.27pt=25.4mm, 1cm=28.453pt)


(/Users/tanome/projects/relap-agent/.texlive/texmf-dist/tex/context/base/mkii/s
upp-pdf.mkii
[Loading MPS to PDF converter (version 2006.09.02).]
\scratchcounter=\count345
\scratchdimen=\dimen269
\scratchbox=\box71
\nofMPsegments=\count346
\nofMParguments=\count347
\everyMPshowfont=\toks32
\MPscratchCnt=\count348
\MPscratchDim=\dimen270
\MPnumerator=\count349
\makeMPintoPDFobject=\count350
\everyMPtoPDFconversion=\toks33
)
(/Users/tanome/projects/relap-agent/.texlive/texmf-dist/tex/latex/epstopdf-pkg/
epstopdf-base.sty
Package: epstopdf-base 2020-01-24 v2.11 Base part for package epstopdf
Package epstopdf-base Info: Redefining graphics rule for `.eps' on input line 4
85.

(/Users/tanome/projects/relap-agent/.texlive/texmf-dist/tex/latex/latexconfig/e
pstopdf-sys.cfg
File: epstopdf-sys.cfg 2010/07/13 v1.3 Configuration of (r)epstopdf for TeX Liv
e
))
Package hyperref Info: Link coloring OFF on input line 53.
 (./article_paper2.out) (./article_paper2.out)
\@outlinefile=\write3
\openout3 = `article_paper2.out'.

Package caption Info: Begin \AtBeginDocument code.
Package caption Info: longtable package is loaded.

(/Users/tanome/projects/relap-agent/.texlive/texmf-dist/tex/latex/caption/ltcap
tion.sty
Package: ltcaption 2021/01/08 v1.4c longtable captions (AR)
)
Package caption Info: End \AtBeginDocument code.
LaTeX Font Info:    Trying to load font information for U+msa on input line 55.


(/Users/tanome/projects/relap-agent/.texlive/texmf-dist/tex/latex/amsfonts/umsa
.fd
File: umsa.fd 2013/01/14 v3.01 AMS symbols A
)
LaTeX Font Info:    Trying to load font information for U+msb on input line 55.


(/Users/tanome/projects/relap-agent/.texlive/texmf-dist/tex/latex/amsfonts/umsb
.fd
File: umsb.fd 2013/01/14 v3.01 AMS symbols B
) [1

{/Users/tanome/projects/relap-agent/.texlive/texmf-var/fonts/map/pdftex/updmap/
pdftex.map}{/Users/tanome/projects/relap-agent/.texlive/texmf-dist/fonts/enc/dv
ips/cm-super/cm-super-ts1.enc}] [2]
Overfull \hbox (7.77252pt too wide) in paragraph at lines 207--213
\OT1/cmr/m/n/10.95 physically-motivated lower bounds on $[][] \OML/cmm/m/it/10.
95 A$ \OT1/cmr/m/n/10.95 and $\OML/cmm/m/it/10.95 E[]$\OT1/cmr/m/n/10.95 , rath
er than drawn from a non-informative
 []

[3]
Overfull \hbox (0.761pt too wide) in paragraph at lines 251--254
[]\OT1/cmr/m/n/10.95 The first in-te-grated Bayesian cal-i-bra-tion of these ne
t-works against the dig-i-tized multi-modality
 []


LaTeX Warning: `!h' float specifier changed to `!ht'.


LaTeX Warning: `!h' float specifier changed to `!ht'.

[4]
<figures/fig_data_landscape.pdf, id=411, 507.08995pt x 304.73802pt>
File: figures/fig_data_landscape.pdf Graphic file (type pdf)
<use figures/fig_data_landscape.pdf>
Package pdftex.def Info: figures/fig_data_landscape.pdf  used on input line 377
.
(pdftex.def)             Requested size: 446.26582pt x 268.19818pt.


LaTeX Warning: `!h' float specifier changed to `!ht'.

[5] [6 <./figures/fig_data_landscape.pdf>] [7] [8] [9]

Package hyperref Warning: Token not allowed in a PDF string (Unicode):
(hyperref)                removing `math shift' on input line 714.


Package hyperref Warning: Token not allowed in a PDF string (Unicode):
(hyperref)                removing `subscript' on input line 714.


Package hyperref Warning: Token not allowed in a PDF string (Unicode):
(hyperref)                removing `math shift' on input line 714.

[10]
<figures/fig_fluoride_kernel.pdf, id=642, 507.08388pt x 405.916pt>
File: figures/fig_fluoride_kernel.pdf Graphic file (type pdf)
<use figures/fig_fluoride_kernel.pdf>
Package pdftex.def Info: figures/fig_fluoride_kernel.pdf  used on input line 78
3.
(pdftex.def)             Requested size: 422.77664pt x 338.44005pt.
 [11 <./figures/fig_fluoride_kernel.pdf>]
Overfull \hbox (54.8487pt too wide) in paragraph at lines 863--867
[]\OT1/cmr/bx/n/10.95 Zinc in-trin-sic Ar-rhe-nius. $[][]  \OML/cmm/m/it/10.95 
A[] \OT1/cmr/m/n/10.95 = 13\OML/cmm/m/it/10.95 :\OT1/cmr/m/n/10.95 82 [13\OML/c
mm/m/it/10.95 :\OT1/cmr/m/n/10.95 50\OML/cmm/m/it/10.95 ; \OT1/cmr/m/n/10.95 14
\OML/cmm/m/it/10.95 :\OT1/cmr/m/n/10.95 13]$ (M$[]$ s$[]$), $\OML/cmm/m/it/10.9
5 E[] \OT1/cmr/m/n/10.95 = 35\OML/cmm/m/it/10.95 :\OT1/cmr/m/n/10.95 5 [33\OML/
cmm/m/it/10.95 :\OT1/cmr/m/n/10.95 4\OML/cmm/m/it/10.95 ; \OT1/cmr/m/n/10.95 38
\OML/cmm/m/it/10.95 :\OT1/cmr/m/n/10.95 2]$ kJ mol$[]$,
 []

[12] [13] [14]
Overfull \hbox (4.19814pt too wide) in paragraph at lines 1060--1080
\OT1/cmr/m/n/10.95 cations of higher elec-troneg-a-tiv-ity (more po-lar-iz-ing)
 ac-cept the sol-vated elec-tron at a higher diffusion-
 []

[15]
<figures/fig_meta_hier.pdf, id=819, 507.09402pt x 434.82402pt>
File: figures/fig_meta_hier.pdf Graphic file (type pdf)
<use figures/fig_meta_hier.pdf>
Package pdftex.def Info: figures/fig_meta_hier.pdf  used on input line 1151.
(pdftex.def)             Requested size: 399.29463pt x 342.40582pt.


LaTeX Warning: `!h' float specifier changed to `!ht'.

<figures/fig_master_validation.pdf, id=827, 940.71414pt x 940.71402pt>
File: figures/fig_master_validation.pdf Graphic file (type pdf)
<use figures/fig_master_validation.pdf>
Package pdftex.def Info: figures/fig_master_validation.pdf  used on input line 
1175.
(pdftex.def)             Requested size: 469.75502pt x 469.75299pt.

Package hyperref Warning: Token not allowed in a PDF string (Unicode):
(hyperref)                removing `math shift' on input line 1201.


Package hyperref Warning: Token not allowed in a PDF string (Unicode):
(hyperref)                removing `\chi' on input line 1201.


Package hyperref Warning: Token not allowed in a PDF string (Unicode):
(hyperref)                removing `superscript' on input line 1201.


Package hyperref Warning: Token not allowed in a PDF string (Unicode):
(hyperref)                removing `math shift' on input line 1201.

[16]

LaTeX Warning: `!h' float specifier changed to `!ht'.

[17 <./figures/fig_meta_hier.pdf>] [18 <./figures/fig_master_validation.pdf>]
<figures/fig_residuals_all.pdf, id=1107, 507.098pt x 319.19202pt>
File: figures/fig_residuals_all.pdf Graphic file (type pdf)
<use figures/fig_residuals_all.pdf>
Package pdftex.def Info: figures/fig_residuals_all.pdf  used on input line 1278
.
(pdftex.def)             Requested size: 422.77664pt x 266.11282pt.


LaTeX Warning: `!h' float specifier changed to `!ht'.

[19] [20 <./figures/fig_residuals_all.pdf>]

Package hyperref Warning: Token not allowed in a PDF string (Unicode):
(hyperref)                removing `math shift' on input line 1354.


Package hyperref Warning: Token not allowed in a PDF string (Unicode):
(hyperref)                removing `subscript' on input line 1354.


Package hyperref Warning: Token not allowed in a PDF string (Unicode):
(hyperref)                removing `math shift' on input line 1354.


Package hyperref Warning: Token not allowed in a PDF string (Unicode):
(hyperref)                removing `math shift' on input line 1354.


Package hyperref Warning: Token not allowed in a PDF string (Unicode):
(hyperref)                removing `subscript' on input line 1354.


Package hyperref Warning: Token not allowed in a PDF string (Unicode):
(hyperref)                removing `math shift' on input line 1354.

[21] [22]
<figures/fig_mcfr_cl2_lifetime.pdf, id=1260, 507.09402pt x 218.01402pt>
File: figures/fig_mcfr_cl2_lifetime.pdf Graphic file (type pdf)
<use figures/fig_mcfr_cl2_lifetime.pdf>
Package pdftex.def Info: figures/fig_mcfr_cl2_lifetime.pdf  used on input line 
1550.
(pdftex.def)             Requested size: 469.75502pt x 201.9725pt.


LaTeX Warning: `!h' float specifier changed to `!ht'.

[23]

Package hyperref Warning: Token not allowed in a PDF string (Unicode):
(hyperref)                removing `math shift' on input line 1586.


Package hyperref Warning: Token not allowed in a PDF string (Unicode):
(hyperref)                removing `subscript' on input line 1586.


Package hyperref Warning: Token not allowed in a PDF string (Unicode):
(hyperref)                removing `math shift' on input line 1586.


Package hyperref Warning: Token not allowed in a PDF string (Unicode):
(hyperref)                removing `math shift' on input line 1586.


Package hyperref Warning: Token not allowed in a PDF string (Unicode):
(hyperref)                removing `subscript' on input line 1586.


Package hyperref Warning: Token not allowed in a PDF string (Unicode):
(hyperref)                removing `math shift' on input line 1586.

[24 <./figures/fig_mcfr_cl2_lifetime.pdf>]
<figures/fig_flibe_f2_lifetime.pdf, id=1358, 507.09402pt x 218.01402pt>
File: figures/fig_flibe_f2_lifetime.pdf Graphic file (type pdf)
<use figures/fig_flibe_f2_lifetime.pdf>
Package pdftex.def Info: figures/fig_flibe_f2_lifetime.pdf  used on input line 
1633.
(pdftex.def)             Requested size: 469.75502pt x 201.9725pt.
 [25 <./figures/fig_flibe_f2_lifetime.pdf>] [26] [27]
Overfull \hbox (4.82158pt too wide) in paragraph at lines 1901--1912
\OT1/cmr/m/n/10.95 hi-er-ar-chi-cal Ar-rhe-nius layer, Godambe-balanced com-pos
-ite like-li-hood, para-met-ric model-discrepancy
 []

[28]
Overfull \hbox (18.709pt too wide) in paragraph at lines 1950--1960
[]\OT1/cmr/m/n/10.95 Applied to a 500-MW(th) NaCl-UCl$[]$ MCFR, the model --- c
on-di-tional on the as-sumed U(III)/U(IV)
 []

[29] (./article_paper2.bbl [30] [31]) [32]

LaTeX Warning: `!h' float specifier changed to `!ht'.

[33] [34]

LaTeX Warning: `!h' float specifier changed to `!ht'.


Package hyperref Warning: Token not allowed in a PDF string (Unicode):
(hyperref)                removing `math shift' on input line 2266.


Package hyperref Warning: Token not allowed in a PDF string (Unicode):
(hyperref)                removing `subscript' on input line 2266.


Package hyperref Warning: Token not allowed in a PDF string (Unicode):
(hyperref)                removing `math shift' on input line 2266.

[35]

LaTeX Warning: `!h' float specifier changed to `!ht'.


Package hyperref Warning: Token not allowed in a PDF string (Unicode):
(hyperref)                removing `math shift' on input line 2296.


Package hyperref Warning: Token not allowed in a PDF string (Unicode):
(hyperref)                removing `subscript' on input line 2296.


Package hyperref Warning: Token not allowed in a PDF string (Unicode):
(hyperref)                removing `math shift' on input line 2296.


LaTeX Warning: `!h' float specifier changed to `!ht'.


LaTeX Warning: `!h' float specifier changed to `!ht'.

[36] [37] (./article_paper2.aux)
 ***********
LaTeX2e <2025-11-01>
L3 programming layer <2026-03-20>
 ***********
Package rerunfilecheck Info: File `article_paper2.out' has not changed.
(rerunfilecheck)             Checksum: B688CAB943D9018CC2B2CCDDEB436635;10292.
 ) 
Here is how much of TeX's memory you used:
 16583 strings out of 468830
 314466 string characters out of 5448323
 738682 words of memory out of 5000000
 45050 multiletter control sequences out of 15000+600000
 642731 words of font info for 96 fonts, out of 8000000 for 9000
 319 hyphenation exceptions out of 8191
 75i,14n,90p,1459b,1274s stack positions out of 10000i,1000n,20000p,200000b,200000s
</Users/tanome/projects/relap-agent/.texlive/texmf-dist/fonts/type1/public/am
sfonts/cm/cmbx10.pfb></Users/tanome/projects/relap-agent/.texlive/texmf-dist/fo
nts/type1/public/amsfonts/cm/cmbx12.pfb></Users/tanome/projects/relap-agent/.te
xlive/texmf-dist/fonts/type1/public/amsfonts/cm/cmbx8.pfb></Users/tanome/projec
ts/relap-agent/.texlive/texmf-dist/fonts/type1/public/amsfonts/cm/cmex10.pfb></
Users/tanome/projects/relap-agent/.texlive/texmf-dist/fonts/type1/public/amsfon
ts/cm/cmmi10.pfb></Users/tanome/projects/relap-agent/.texlive/texmf-dist/fonts/
type1/public/amsfonts/cm/cmmi12.pfb></Users/tanome/projects/relap-agent/.texliv
e/texmf-dist/fonts/type1/public/amsfonts/cm/cmmi5.pfb></Users/tanome/projects/r
elap-agent/.texlive/texmf-dist/fonts/type1/public/amsfonts/cm/cmmi6.pfb></Users
/tanome/projects/relap-agent/.texlive/texmf-dist/fonts/type1/public/amsfonts/cm
/cmmi7.pfb></Users/tanome/projects/relap-agent/.texlive/texmf-dist/fonts/type1/
public/amsfonts/cm/cmmi8.pfb></Users/tanome/projects/relap-agent/.texlive/texmf
-dist/fonts/type1/public/amsfonts/cm/cmmib10.pfb></Users/tanome/projects/relap-
agent/.texlive/texmf-dist/fonts/type1/public/amsfonts/cm/cmr10.pfb></Users/tano
me/projects/relap-agent/.texlive/texmf-dist/fonts/type1/public/amsfonts/cm/cmr1
2.pfb></Users/tanome/projects/relap-agent/.texlive/texmf-dist/fonts/type1/publi
c/amsfonts/cm/cmr5.pfb></Users/tanome/projects/relap-agent/.texlive/texmf-dist/
fonts/type1/public/amsfonts/cm/cmr6.pfb></Users/tanome/projects/relap-agent/.te
xlive/texmf-dist/fonts/type1/public/amsfonts/cm/cmr7.pfb></Users/tanome/project
s/relap-agent/.texlive/texmf-dist/fonts/type1/public/amsfonts/cm/cmr8.pfb></Use
rs/tanome/projects/relap-agent/.texlive/texmf-dist/fonts/type1/public/amsfonts/
cm/cmsy10.pfb></Users/tanome/projects/relap-agent/.texlive/texmf-dist/fonts/typ
e1/public/amsfonts/cm/cmsy5.pfb></Users/tanome/projects/relap-agent/.texlive/te
xmf-dist/fonts/type1/public/amsfonts/cm/cmsy6.pfb></Users/tanome/projects/relap
-agent/.texlive/texmf-dist/fonts/type1/public/amsfonts/cm/cmsy7.pfb></Users/tan
ome/projects/relap-agent/.texlive/texmf-dist/fonts/type1/public/amsfonts/cm/cms
y8.pfb></Users/tanome/projects/relap-agent/.texlive/texmf-dist/fonts/type1/publ
ic/amsfonts/cm/cmti10.pfb></Users/tanome/projects/relap-agent/.texlive/texmf-di
st/fonts/type1/public/amsfonts/cm/cmti8.pfb></Users/tanome/projects/relap-agent
/.texlive/texmf-dist/fonts/type1/public/amsfonts/cm/cmtt10.pfb></Users/tanome/p
rojects/relap-agent/.texlive/texmf-dist/fonts/type1/public/amsfonts/cm/cmtt9.pf
b></Users/tanome/projects/relap-agent/.texlive/texmf-dist/fonts/type1/public/am
sfonts/symbols/msam10.pfb></Users/tanome/projects/relap-agent/.texlive/texmf-di
st/fonts/type1/public/amsfonts/symbols/msbm10.pfb></Users/tanome/projects/relap
-agent/.texlive/texmf-dist/fonts/type1/public/cm-super/sfrm1000.pfb></Users/tan
ome/projects/relap-agent/.texlive/texmf-dist/fonts/type1/public/cm-super/sfrm10
95.pfb>
Output written on article_paper2.pdf (37 pages, 778532 bytes).
PDF statistics:
 1790 PDF objects out of 2073 (max. 8388607)
 1153 compressed objects within 12 object streams
 231 named destinations out of 1000 (max. 500000)
 404 words of extra memory for PDF output out of 10000 (max. 10000000)

